Archive member included to satisfy reference by file (symbol)

C:/ST/STM32CubeIDE_2.1.1/STM32CubeIDE/plugins/com.st.stm32cube.ide.mcu.externaltools.gnu-tools-for-stm32.14.3.rel1.win32_1.0.100.202602081740/tools/bin/../lib/gcc/arm-none-eabi/14.3.1/../../../../arm-none-eabi/lib/thumb/v7e-m+fp/hard\libc_nano.a(libc_a-exit.o)
                              C:/ST/STM32CubeIDE_2.1.1/STM32CubeIDE/plugins/com.st.stm32cube.ide.mcu.externaltools.gnu-tools-for-stm32.14.3.rel1.win32_1.0.100.202602081740/tools/bin/../lib/gcc/arm-none-eabi/14.3.1/../../../../arm-none-eabi/lib/thumb/v7e-m+fp/hard/crt0.o (exit)
C:/ST/STM32CubeIDE_2.1.1/STM32CubeIDE/plugins/com.st.stm32cube.ide.mcu.externaltools.gnu-tools-for-stm32.14.3.rel1.win32_1.0.100.202602081740/tools/bin/../lib/gcc/arm-none-eabi/14.3.1/../../../../arm-none-eabi/lib/thumb/v7e-m+fp/hard\libc_nano.a(libc_a-findfp.o)
                              C:/ST/STM32CubeIDE_2.1.1/STM32CubeIDE/plugins/com.st.stm32cube.ide.mcu.externaltools.gnu-tools-for-stm32.14.3.rel1.win32_1.0.100.202602081740/tools/bin/../lib/gcc/arm-none-eabi/14.3.1/../../../../arm-none-eabi/lib/thumb/v7e-m+fp/hard\libc_nano.a(libc_a-exit.o) (__stdio_exit_handler)
C:/ST/STM32CubeIDE_2.1.1/STM32CubeIDE/plugins/com.st.stm32cube.ide.mcu.externaltools.gnu-tools-for-stm32.14.3.rel1.win32_1.0.100.202602081740/tools/bin/../lib/gcc/arm-none-eabi/14.3.1/../../../../arm-none-eabi/lib/thumb/v7e-m+fp/hard\libc_nano.a(libc_a-fwalk.o)
                              C:/ST/STM32CubeIDE_2.1.1/STM32CubeIDE/plugins/com.st.stm32cube.ide.mcu.externaltools.gnu-tools-for-stm32.14.3.rel1.win32_1.0.100.202602081740/tools/bin/../lib/gcc/arm-none-eabi/14.3.1/../../../../arm-none-eabi/lib/thumb/v7e-m+fp/hard\libc_nano.a(libc_a-findfp.o) (_fwalk_sglue)
C:/ST/STM32CubeIDE_2.1.1/STM32CubeIDE/plugins/com.st.stm32cube.ide.mcu.externaltools.gnu-tools-for-stm32.14.3.rel1.win32_1.0.100.202602081740/tools/bin/../lib/gcc/arm-none-eabi/14.3.1/../../../../arm-none-eabi/lib/thumb/v7e-m+fp/hard\libc_nano.a(libc_a-stdio.o)
                              C:/ST/STM32CubeIDE_2.1.1/STM32CubeIDE/plugins/com.st.stm32cube.ide.mcu.externaltools.gnu-tools-for-stm32.14.3.rel1.win32_1.0.100.202602081740/tools/bin/../lib/gcc/arm-none-eabi/14.3.1/../../../../arm-none-eabi/lib/thumb/v7e-m+fp/hard\libc_nano.a(libc_a-findfp.o) (__sread)
C:/ST/STM32CubeIDE_2.1.1/STM32CubeIDE/plugins/com.st.stm32cube.ide.mcu.externaltools.gnu-tools-for-stm32.14.3.rel1.win32_1.0.100.202602081740/tools/bin/../lib/gcc/arm-none-eabi/14.3.1/../../../../arm-none-eabi/lib/thumb/v7e-m+fp/hard\libc_nano.a(libc_a-memset.o)
                              C:/ST/STM32CubeIDE_2.1.1/STM32CubeIDE/plugins/com.st.stm32cube.ide.mcu.externaltools.gnu-tools-for-stm32.14.3.rel1.win32_1.0.100.202602081740/tools/bin/../lib/gcc/arm-none-eabi/14.3.1/../../../../arm-none-eabi/lib/thumb/v7e-m+fp/hard/crt0.o (memset)
C:/ST/STM32CubeIDE_2.1.1/STM32CubeIDE/plugins/com.st.stm32cube.ide.mcu.externaltools.gnu-tools-for-stm32.14.3.rel1.win32_1.0.100.202602081740/tools/bin/../lib/gcc/arm-none-eabi/14.3.1/../../../../arm-none-eabi/lib/thumb/v7e-m+fp/hard\libc_nano.a(libc_a-closer.o)
                              C:/ST/STM32CubeIDE_2.1.1/STM32CubeIDE/plugins/com.st.stm32cube.ide.mcu.externaltools.gnu-tools-for-stm32.14.3.rel1.win32_1.0.100.202602081740/tools/bin/../lib/gcc/arm-none-eabi/14.3.1/../../../../arm-none-eabi/lib/thumb/v7e-m+fp/hard\libc_nano.a(libc_a-stdio.o) (_close_r)
C:/ST/STM32CubeIDE_2.1.1/STM32CubeIDE/plugins/com.st.stm32cube.ide.mcu.externaltools.gnu-tools-for-stm32.14.3.rel1.win32_1.0.100.202602081740/tools/bin/../lib/gcc/arm-none-eabi/14.3.1/../../../../arm-none-eabi/lib/thumb/v7e-m+fp/hard\libc_nano.a(libc_a-reent.o)
                              C:/ST/STM32CubeIDE_2.1.1/STM32CubeIDE/plugins/com.st.stm32cube.ide.mcu.externaltools.gnu-tools-for-stm32.14.3.rel1.win32_1.0.100.202602081740/tools/bin/../lib/gcc/arm-none-eabi/14.3.1/../../../../arm-none-eabi/lib/thumb/v7e-m+fp/hard\libc_nano.a(libc_a-closer.o) (errno)
C:/ST/STM32CubeIDE_2.1.1/STM32CubeIDE/plugins/com.st.stm32cube.ide.mcu.externaltools.gnu-tools-for-stm32.14.3.rel1.win32_1.0.100.202602081740/tools/bin/../lib/gcc/arm-none-eabi/14.3.1/../../../../arm-none-eabi/lib/thumb/v7e-m+fp/hard\libc_nano.a(libc_a-impure.o)
                              C:/ST/STM32CubeIDE_2.1.1/STM32CubeIDE/plugins/com.st.stm32cube.ide.mcu.externaltools.gnu-tools-for-stm32.14.3.rel1.win32_1.0.100.202602081740/tools/bin/../lib/gcc/arm-none-eabi/14.3.1/../../../../arm-none-eabi/lib/thumb/v7e-m+fp/hard\libc_nano.a(libc_a-reent.o) (_impure_ptr)
C:/ST/STM32CubeIDE_2.1.1/STM32CubeIDE/plugins/com.st.stm32cube.ide.mcu.externaltools.gnu-tools-for-stm32.14.3.rel1.win32_1.0.100.202602081740/tools/bin/../lib/gcc/arm-none-eabi/14.3.1/../../../../arm-none-eabi/lib/thumb/v7e-m+fp/hard\libc_nano.a(libc_a-lseekr.o)
[...]
Memory Configuration

Name             Origin             Length             Attributes
RAM              0x20000000         0x00020000         xrw
FLASH            0x08000000         0x00080000         xr
*default*        0x00000000         0xffffffff

Linker script and memory map

LOAD C:/ST/STM32CubeIDE_2.1.1/STM32CubeIDE/plugins/com.st.stm32cube.ide.mcu.externaltools.gnu-tools-for-stm32.14.3.rel1.win32_1.0.100.202602081740/tools/bin/../lib/gcc/arm-none-eabi/14.3.1/thumb/v7e-m+fp/hard/crti.o
LOAD C:/ST/STM32CubeIDE_2.1.1/STM32CubeIDE/plugins/com.st.stm32cube.ide.mcu.externaltools.gnu-tools-for-stm32.14.3.rel1.win32_1.0.100.202602081740/tools/bin/../lib/gcc/arm-none-eabi/14.3.1/thumb/v7e-m+fp/hard/crtbegin.o
LOAD C:/ST/STM32CubeIDE_2.1.1/STM32CubeIDE/plugins/com.st.stm32cube.ide.mcu.externaltools.gnu-tools-for-stm32.14.3.rel1.win32_1.0.100.202602081740/tools/bin/../lib/gcc/arm-none-eabi/14.3.1/../../../../arm-none-eabi/lib/thumb/v7e-m+fp/hard/crt0.o
LOAD ./Core/Src/freertos.o
LOAD ./Core/Src/main.o
LOAD ./Core/Src/stm32f4xx_hal_msp.o
LOAD ./Core/Src/stm32f4xx_hal_timebase_tim.o
LOAD ./Core/Src/stm32f4xx_it.o
LOAD ./Core/Src/syscalls.o
LOAD ./Core/Src/sysmem.o
LOAD ./Core/Src/system_stm32f4xx.o
LOAD ./Core/Startup/startup_stm32f411vetx.o
LOAD ./Drivers/STM32F4xx_HAL_Driver/Src/stm32f4xx_hal.o
LOAD ./Drivers/STM32F4xx_HAL_Driver/Src/stm32f4xx_hal_cortex.o
LOAD ./Drivers/STM32F4xx_HAL_Driver/Src/stm32f4xx_hal_dma.o
LOAD ./Drivers/STM32F4xx_HAL_Driver/Src/stm32f4xx_hal_dma_ex.o
LOAD ./Drivers/STM32F4xx_HAL_Driver/Src/stm32f4xx_hal_exti.o
LOAD ./Drivers/STM32F4xx_HAL_Driver/Src/stm32f4xx_hal_flash.o
LOAD ./Drivers/STM32F4xx_HAL_Driver/Src/stm32f4xx_hal_flash_ex.o
LOAD ./Drivers/STM32F4xx_HAL_Driver/Src/stm32f4xx_hal_flash_ramfunc.o
LOAD ./Drivers/STM32F4xx_HAL_Driver/Src/stm32f4xx_hal_gpio.o
LOAD ./Drivers/STM32F4xx_HAL_Driver/Src/stm32f4xx_hal_pcd.o
LOAD ./Drivers/STM32F4xx_HAL_Driver/Src/stm32f4xx_hal_pcd_ex.o
LOAD ./Drivers/STM32F4xx_HAL_Driver/Src/stm32f4xx_hal_pwr.o
LOAD ./Drivers/STM32F4xx_HAL_Driver/Src/stm32f4xx_hal_pwr_ex.o
LOAD ./Drivers/STM32F4xx_HAL_Driver/Src/stm32f4xx_hal_rcc.o
LOAD ./Drivers/STM32F4xx_HAL_Driver/Src/stm32f4xx_hal_rcc_ex.o
LOAD ./Drivers/STM32F4xx_HAL_Driver/Src/stm32f4xx_hal_tim.o
LOAD ./Drivers/STM32F4xx_HAL_Driver/Src/stm32f4xx_hal_tim_ex.o
LOAD ./Drivers/STM32F4xx_HAL_Driver/Src/stm32f4xx_ll_usb.o
LOAD ./Middlewares/ST/STM32_USB_Device_Library/Class/CDC/Src/usbd_cdc.o
LOAD ./Middlewares/ST/STM32_USB_Device_Library/Core/Src/usbd_core.o
LOAD ./Middlewares/ST/STM32_USB_Device_Library/Core/Src/usbd_ctlreq.o
LOAD ./Middlewares/ST/STM32_USB_Device_Library/Core/Src/usbd_ioreq.o
LOAD ./Middlewares/Third_Party/FreeRTOS/Source/CMSIS_RTOS_V2/cmsis_os2.o
LOAD ./Middlewares/Third_Party/FreeRTOS/Source/croutine.o
LOAD ./Middlewares/Third_Party/FreeRTOS/Source/event_groups.o
LOAD ./Middlewares/Third_Party/FreeRTOS/Source/list.o
LOAD ./Middlewares/Third_Party/FreeRTOS/Source/queue.o
LOAD ./Middlewares/Third_Party/FreeRTOS/Source/stream_buffer.o
LOAD ./Middlewares/Third_Party/FreeRTOS/Source/tasks.o
LOAD ./Middlewares/Third_Party/FreeRTOS/Source/timers.o
LOAD ./Middlewares/Third_Party/FreeRTOS/Source/portable/GCC/ARM_CM4F/port.o
LOAD ./Middlewares/Third_Party/FreeRTOS/Source/portable/MemMang/heap_4.o
LOAD ./USB_DEVICE/App/usb_device.o
LOAD ./USB_DEVICE/App/usbd_cdc_if.o
LOAD ./USB_DEVICE/App/usbd_desc.o
LOAD ./USB_DEVICE/Target/usbd_conf.o
START GROUP
LOAD C:/ST/STM32CubeIDE_2.1.1/STM32CubeIDE/plugins/com.st.stm32cube.ide.mcu.externaltools.gnu-tools-for-stm32.14.3.rel1.win32_1.0.100.202602081740/tools/bin/../lib/gcc/arm-none-eabi/14.3.1/../../../../arm-none-eabi/lib/thumb/v7e-m+fp/hard\libc_nano.a
LOAD C:/ST/STM32CubeIDE_2.1.1/STM32CubeIDE/plugins/com.st.stm32cube.ide.mcu.externaltools.gnu-tools-for-stm32.14.3.rel1.win32_1.0.100.202602081740/tools/bin/../lib/gcc/arm-none-eabi/14.3.1/../../../../arm-none-eabi/lib/thumb/v7e-m+fp/hard\libm.a
END GROUP
START GROUP
LOAD C:/ST/STM32CubeIDE_2.1.1/STM32CubeIDE/plugins/com.st.stm32cube.ide.mcu.externaltools.gnu-tools-for-stm32.14.3.rel1.win32_1.0.100.202602081740/tools/bin/../lib/gcc/arm-none-eabi/14.3.1/thumb/v7e-m+fp/hard\libgcc.a
LOAD C:/ST/STM32CubeIDE_2.1.1/STM32CubeIDE/plugins/com.st.stm32cube.ide.mcu.externaltools.gnu-tools-for-stm32.14.3.rel1.win32_1.0.100.202602081740/tools/bin/../lib/gcc/arm-none-eabi/14.3.1/../../../../arm-none-eabi/lib/thumb/v7e-m+fp/hard\libc_nano.a
END GROUP
START GROUP
LOAD C:/ST/STM32CubeIDE_2.1.1/STM32CubeIDE/plugins/com.st.stm32cube.ide.mcu.externaltools.gnu-tools-for-stm32.14.3.rel1.win32_1.0.100.202602081740/tools/bin/../lib/gcc/arm-none-eabi/14.3.1/thumb/v7e-m+fp/hard\libgcc.a
LOAD C:/ST/STM32CubeIDE_2.1.1/STM32CubeIDE/plugins/com.st.stm32cube.ide.mcu.externaltools.gnu-tools-for-stm32.14.3.rel1.win32_1.0.100.202602081740/tools/bin/../lib/gcc/arm-none-eabi/14.3.1/../../../../arm-none-eabi/lib/thumb/v7e-m+fp/hard\libc_nano.a
LOAD C:/ST/STM32CubeIDE_2.1.1/STM32CubeIDE/plugins/com.st.stm32cube.ide.mcu.externaltools.gnu-tools-for-stm32.14.3.rel1.win32_1.0.100.202602081740/tools/bin/../lib/gcc/arm-none-eabi/14.3.1/../../../../arm-none-eabi/lib/thumb/v7e-m+fp/hard\libnosys.a
END GROUP
START GROUP
LOAD C:/ST/STM32CubeIDE_2.1.1/STM32CubeIDE/plugins/com.st.stm32cube.ide.mcu.externaltools.gnu-tools-for-stm32.14.3.rel1.win32_1.0.100.202602081740/tools/bin/../lib/gcc/arm-none-eabi/14.3.1/thumb/v7e-m+fp/hard\libgcc.a
LOAD C:/ST/STM32CubeIDE_2.1.1/STM32CubeIDE/plugins/com.st.stm32cube.ide.mcu.externaltools.gnu-tools-for-stm32.14.3.rel1.win32_1.0.100.202602081740/tools/bin/../lib/gcc/arm-none-eabi/14.3.1/../../../../arm-none-eabi/lib/thumb/v7e-m+fp/hard\libc_nano.a
LOAD C:/ST/STM32CubeIDE_2.1.1/STM32CubeIDE/plugins/com.st.stm32cube.ide.mcu.externaltools.gnu-tools-for-stm32.14.3.rel1.win32_1.0.100.202602081740/tools/bin/../lib/gcc/arm-none-eabi/14.3.1/../../../../arm-none-eabi/lib/thumb/v7e-m+fp/hard\libnosys.a
END GROUP
LOAD C:/ST/STM32CubeIDE_2.1.1/STM32CubeIDE/plugins/com.st.stm32cube.ide.mcu.externaltools.gnu-tools-for-stm32.14.3.rel1.win32_1.0.100.202602081740/tools/bin/../lib/gcc/arm-none-eabi/14.3.1/thumb/v7e-m+fp/hard/crtend.o
LOAD C:/ST/STM32CubeIDE_2.1.1/STM32CubeIDE/plugins/com.st.stm32cube.ide.mcu.externaltools.gnu-tools-for-stm32.14.3.rel1.win32_1.0.100.202602081740/tools/bin/../lib/gcc/arm-none-eabi/14.3.1/thumb/v7e-m+fp/hard/crtn.o
                0x20020000                        _estack = (ORIGIN (RAM) + LENGTH (RAM))
                0x00000200                        _Min_Heap_Size = 0x200
                0x00000400                        _Min_Stack_Size = 0x400

.isr_vector     0x08000000      0x198
                0x08000000                        . = ALIGN (0x4)
 *(.isr_vector)
 .isr_vector    0x08000000      0x198 ./Core/Startup/startup_stm32f411vetx.o
                0x08000000                g_pfnVectors
                0x08000198                        . = ALIGN (0x4)

.text           0x080001a0     0xa000
                0x080001a0                        . = ALIGN (0x4)
 *(.text)
 .text          0x080001a0       0x40 C:/ST/STM32CubeIDE_2.1.1/STM32CubeIDE/plugins/com.st.stm32cube.ide.mcu.externaltools.gnu-tools-for-stm32.14.3.rel1.win32_1.0.100.202602081740/tools/bin/../lib/gcc/arm-none-eabi/14.3.1/thumb/v7e-m+fp/hard/crtbegin.o
 .text          0x080001e0       0x30 C:/ST/STM32CubeIDE_2.1.1/STM32CubeIDE/plugins/com.st.stm32cube.ide.mcu.externaltools.gnu-tools-for-stm32.14.3.rel1.win32_1.0.100.202602081740/tools/bin/../lib/gcc/arm-none-eabi/14.3.1/thumb/v7e-m+fp/hard\libgcc.a(_aeabi_uldivmod.o)
                0x080001e0                __aeabi_uldivmod
 .text          0x08000210      0x2f8 C:/ST/STM32CubeIDE_2.1.1/STM32CubeIDE/plugins/com.st.stm32cube.ide.mcu.externaltools.gnu-tools-for-stm32.14.3.rel1.win32_1.0.100.202602081740/tools/bin/../lib/gcc/arm-none-eabi/14.3.1/thumb/v7e-m+fp/hard\libgcc.a(_udivmoddi4.o)
                0x08000210                __udivmoddi4
 .text          0x08000508        0x4 C:/ST/STM32CubeIDE_2.1.1/STM32CubeIDE/plugins/com.st.stm32cube.ide.mcu.externaltools.gnu-tools-for-stm32.14.3.rel1.win32_1.0.100.202602081740/tools/bin/../lib/gcc/arm-none-eabi/14.3.1/thumb/v7e-m+fp/hard\libgcc.a(_dvmd_tls.o)
                0x08000508                __aeabi_idiv0
                0x08000508                __aeabi_ldiv0
 *(.text*)
 .text.main     0x0800050c       0x5c ./Core/Src/main.o
                0x0800050c                main
 .text.SystemClock_Config
                0x08000568       0xdc ./Core/Src/main.o
                0x08000568                SystemClock_Config
 .text.MX_GPIO_Init
                0x08000644      0x290 ./Core/Src/main.o
 .text.HAL_GPIO_EXTI_Callback
                0x080008d4       0x16 ./Core/Src/main.o
                0x080008d4                HAL_GPIO_EXTI_Callback
 *fill*         0x080008ea        0x2 
 .text.vTaskTerminal
                0x080008ec       0x24 ./Core/Src/main.o
                0x080008ec                vTaskTerminal
 .text.StartDefaultTask
                0x08000910       0x14 ./Core/Src/main.o
                0x08000910                StartDefaultTask
 .text.HAL_TIM_PeriodElapsedCallback
                0x08000924       0x24 ./Core/Src/main.o
                0x08000924                HAL_TIM_PeriodElapsedCallback
 .text.Error_Handler
                0x08000948        0xc ./Core/Src/main.o
                0x08000948                Error_Handler
 .text.HAL_MspInit
                0x08000954       0x58 ./Core/Src/stm32f4xx_hal_msp.o
                0x08000954                HAL_MspInit
 .text.HAL_InitTick
                0x080009ac       0xf8 ./Core/Src/stm32f4xx_hal_timebase_tim.o
                0x080009ac                HAL_InitTick
 .text.NMI_Handler
                0x08000aa4        0x8 ./Core/Src/stm32f4xx_it.o
                0x08000aa4                NMI_Handler
 .text.HardFault_Handler
                0x08000aac        0x8 ./Core/Src/stm32f4xx_it.o
                0x08000aac                HardFault_Handler
 .text.MemManage_Handler
                0x08000ab4        0x8 ./Core/Src/stm32f4xx_it.o
                0x08000ab4                MemManage_Handler
 .text.BusFault_Handler
                0x08000abc        0x8 ./Core/Src/stm32f4xx_it.o
                0x08000abc                BusFault_Handler
 .text.UsageFault_Handler
                0x08000ac4        0x8 ./Core/Src/stm32f4xx_it.o
                0x08000ac4                UsageFault_Handler
 .text.DebugMon_Handler
                0x08000acc        0xe ./Core/Src/stm32f4xx_it.o
                0x08000acc                DebugMon_Handler
 .text.EXTI0_IRQHandler
                0x08000ada        0xe ./Core/Src/stm32f4xx_it.o
                0x08000ada                EXTI0_IRQHandler
 .text.TIM5_IRQHandler
                0x08000ae8       0x14 ./Core/Src/stm32f4xx_it.o
                0x08000ae8                TIM5_IRQHandler
 .text.OTG_FS_IRQHandler
                0x08000afc       0x14 ./Core/Src/stm32f4xx_it.o
                0x08000afc                OTG_FS_IRQHandler
 .text.SystemInit
                0x08000b10       0x24 ./Core/Src/system_stm32f4xx.o
                0x08000b10                SystemInit
 .text.Reset_Handler
                0x08000b34       0x50 ./Core/Startup/startup_stm32f411vetx.o
                0x08000b34                Reset_Handler
 .text.Default_Handler
                0x08000b84        0x2 ./Core/Startup/startup_stm32f411vetx.o
                0x08000b84                RTC_Alarm_IRQHandler
                0x08000b84                EXTI2_IRQHandler
                0x08000b84                SPI4_IRQHandler
                0x08000b84                TIM1_CC_IRQHandler
                0x08000b84                DMA2_Stream5_IRQHandler
                0x08000b84                DMA1_Stream5_IRQHandler
                0x08000b84                PVD_IRQHandler
                0x08000b84                SDIO_IRQHandler
                0x08000b84                TAMP_STAMP_IRQHandler
                0x08000b84                EXTI3_IRQHandler
                0x08000b84                TIM1_UP_TIM10_IRQHandler
                0x08000b84                I2C3_ER_IRQHandler
                0x08000b84                I2C2_EV_IRQHandler
                0x08000b84                DMA1_Stream2_IRQHandler
                0x08000b84                FPU_IRQHandler
                0x08000b84                DMA2_Stream2_IRQHandler
                0x08000b84                SPI1_IRQHandler
                0x08000b84                TIM1_BRK_TIM9_IRQHandler
                0x08000b84                DMA2_Stream3_IRQHandler
                0x08000b84                USART6_IRQHandler
                0x08000b84                DMA2_Stream0_IRQHandler
                0x08000b84                TIM4_IRQHandler
                0x08000b84                I2C1_EV_IRQHandler
                0x08000b84                DMA1_Stream6_IRQHandler
                0x08000b84                DMA1_Stream1_IRQHandler
                0x08000b84                TIM3_IRQHandler
                0x08000b84                RCC_IRQHandler
                0x08000b84                Default_Handler
                0x08000b84                EXTI15_10_IRQHandler
                0x08000b84                ADC_IRQHandler
                0x08000b84                DMA1_Stream7_IRQHandler
                0x08000b84                SPI5_IRQHandler
                0x08000b84                DMA2_Stream7_IRQHandler
                0x08000b84                I2C3_EV_IRQHandler
                0x08000b84                EXTI9_5_IRQHandler
                0x08000b84                RTC_WKUP_IRQHandler
                0x08000b84                SPI2_IRQHandler
                0x08000b84                DMA1_Stream0_IRQHandler
                0x08000b84                EXTI4_IRQHandler
                0x08000b84                WWDG_IRQHandler
                0x08000b84                TIM2_IRQHandler
                0x08000b84                OTG_FS_WKUP_IRQHandler
                0x08000b84                TIM1_TRG_COM_TIM11_IRQHandler
                0x08000b84                EXTI1_IRQHandler
                0x08000b84                USART2_IRQHandler
                0x08000b84                I2C2_ER_IRQHandler
                0x08000b84                DMA2_Stream1_IRQHandler
                0x08000b84                FLASH_IRQHandler
                0x08000b84                DMA2_Stream4_IRQHandler
                0x08000b84                USART1_IRQHandler
                0x08000b84                SPI3_IRQHandler
                0x08000b84                DMA1_Stream4_IRQHandler
                0x08000b84                I2C1_ER_IRQHandler
                0x08000b84                DMA2_Stream6_IRQHandler
                0x08000b84                DMA1_Stream3_IRQHandler
 *fill*         0x08000b86        0x2 
 .text.HAL_Init
                0x08000b88       0x44 ./Drivers/STM32F4xx_HAL_Driver/Src/stm32f4xx_hal.o
                0x08000b88                HAL_Init
 .text.HAL_IncTick
                0x08000bcc       0x28 ./Drivers/STM32F4xx_HAL_Driver/Src/stm32f4xx_hal.o
                0x08000bcc                HAL_IncTick
 .text.HAL_GetTick
                0x08000bf4       0x18 ./Drivers/STM32F4xx_HAL_Driver/Src/stm32f4xx_hal.o
                0x08000bf4                HAL_GetTick
 .text.HAL_Delay
                0x08000c0c       0x48 ./Drivers/STM32F4xx_HAL_Driver/Src/stm32f4xx_hal.o
                0x08000c0c                HAL_Delay
 .text.__NVIC_SetPriorityGrouping
                0x08000c54       0x48 ./Drivers/STM32F4xx_HAL_Driver/Src/stm32f4xx_hal_cortex.o
 .text.__NVIC_GetPriorityGrouping
                0x08000c9c       0x1c ./Drivers/STM32F4xx_HAL_Driver/Src/stm32f4xx_hal_cortex.o
 .text.__NVIC_EnableIRQ
                0x08000cb8       0x3c ./Drivers/STM32F4xx_HAL_Driver/Src/stm32f4xx_hal_cortex.o
 .text.__NVIC_SetPriority
                0x08000cf4       0x54 ./Drivers/STM32F4xx_HAL_Driver/Src/stm32f4xx_hal_cortex.o
 .text.NVIC_EncodePriority
                0x08000d48       0x66 ./Drivers/STM32F4xx_HAL_Driver/Src/stm32f4xx_hal_cortex.o
 .text.HAL_NVIC_SetPriorityGrouping
                0x08000dae       0x16 ./Drivers/STM32F4xx_HAL_Driver/Src/stm32f4xx_hal_cortex.o
                0x08000dae                HAL_NVIC_SetPriorityGrouping
 .text.HAL_NVIC_SetPriority
                0x08000dc4       0x38 ./Drivers/STM32F4xx_HAL_Driver/Src/stm32f4xx_hal_cortex.o
                0x08000dc4                HAL_NVIC_SetPriority
 .text.HAL_NVIC_EnableIRQ
                0x08000dfc       0x1c ./Drivers/STM32F4xx_HAL_Driver/Src/stm32f4xx_hal_cortex.o
                0x08000dfc                HAL_NVIC_EnableIRQ
 .text.HAL_GPIO_Init
                0x08000e18      0x308 ./Drivers/STM32F4xx_HAL_Driver/Src/stm32f4xx_hal_gpio.o
                0x08000e18                HAL_GPIO_Init
 .text.HAL_GPIO_WritePin
                0x08001120       0x32 ./Drivers/STM32F4xx_HAL_Driver/Src/stm32f4xx_hal_gpio.o
                0x08001120                HAL_GPIO_WritePin
 .text.HAL_GPIO_TogglePin
                0x08001152       0x34 ./Drivers/STM32F4xx_HAL_Driver/Src/stm32f4xx_hal_gpio.o
                0x08001152                HAL_GPIO_TogglePin
 *fill*         0x08001186        0x2 
 .text.HAL_GPIO_EXTI_IRQHandler
                0x08001188       0x30 ./Drivers/STM32F4xx_HAL_Driver/Src/stm32f4xx_hal_gpio.o
                0x08001188                HAL_GPIO_EXTI_IRQHandler
 .text.HAL_PCD_Init
                0x080011b8      0x21e ./Drivers/STM32F4xx_HAL_Driver/Src/stm32f4xx_hal_pcd.o
                0x080011b8                HAL_PCD_Init
 .text.HAL_PCD_Start
                0x080013d6       0x6a ./Drivers/STM32F4xx_HAL_Driver/Src/stm32f4xx_hal_pcd.o
                0x080013d6                HAL_PCD_Start
 .text.HAL_PCD_IRQHandler
                0x08001440      0x942 ./Drivers/STM32F4xx_HAL_Driver/Src/stm32f4xx_hal_pcd.o
                0x08001440                HAL_PCD_IRQHandler
 .text.HAL_PCD_SetAddress
                0x08001d82       0x48 ./Drivers/STM32F4xx_HAL_Driver/Src/stm32f4xx_hal_pcd.o
                0x08001d82                HAL_PCD_SetAddress
 .text.HAL_PCD_EP_Open
                0x08001dca       0xd4 ./Drivers/STM32F4xx_HAL_Driver/Src/stm32f4xx_hal_pcd.o
                0x08001dca                HAL_PCD_EP_Open
 .text.HAL_PCD_EP_Close
                0x08001e9e       0x94 ./Drivers/STM32F4xx_HAL_Driver/Src/stm32f4xx_hal_pcd.o
                0x08001e9e                HAL_PCD_EP_Close
 .text.HAL_PCD_EP_Receive
                0x08001f32       0x76 ./Drivers/STM32F4xx_HAL_Driver/Src/stm32f4xx_hal_pcd.o
                0x08001f32                HAL_PCD_EP_Receive
 .text.HAL_PCD_EP_GetRxCount
                0x08001fa8       0x30 ./Drivers/STM32F4xx_HAL_Driver/Src/stm32f4xx_hal_pcd.o
                0x08001fa8                HAL_PCD_EP_GetRxCount
 .text.HAL_PCD_EP_Transmit
                0x08001fd8       0x74 ./Drivers/STM32F4xx_HAL_Driver/Src/stm32f4xx_hal_pcd.o
                0x08001fd8                HAL_PCD_EP_Transmit
 .text.HAL_PCD_EP_SetStall
                0x0800204c       0xc6 ./Drivers/STM32F4xx_HAL_Driver/Src/stm32f4xx_hal_pcd.o
                0x0800204c                HAL_PCD_EP_SetStall
 .text.HAL_PCD_EP_ClrStall
                0x08002112       0xac ./Drivers/STM32F4xx_HAL_Driver/Src/stm32f4xx_hal_pcd.o
                0x08002112                HAL_PCD_EP_ClrStall
 .text.HAL_PCD_EP_Abort
                0x080021be       0x62 ./Drivers/STM32F4xx_HAL_Driver/Src/stm32f4xx_hal_pcd.o
                0x080021be                HAL_PCD_EP_Abort
 .text.PCD_WriteEmptyTxFifo
                0x08002220      0x118 ./Drivers/STM32F4xx_HAL_Driver/Src/stm32f4xx_hal_pcd.o
 .text.PCD_EP_OutXfrComplete_int
                0x08002338      0x1d0 ./Drivers/STM32F4xx_HAL_Driver/Src/stm32f4xx_hal_pcd.o
 .text.PCD_EP_OutSetupPacket_int
                0x08002508       0x8c ./Drivers/STM32F4xx_HAL_Driver/Src/stm32f4xx_hal_pcd.o
 .text.HAL_PCDEx_SetTxFiFo
                0x08002594       0x8e ./Drivers/STM32F4xx_HAL_Driver/Src/stm32f4xx_hal_pcd_ex.o
                0x08002594                HAL_PCDEx_SetTxFiFo
 .text.HAL_PCDEx_SetRxFiFo
                0x08002622       0x22 ./Drivers/STM32F4xx_HAL_Driver/Src/stm32f4xx_hal_pcd_ex.o
                0x08002622                HAL_PCDEx_SetRxFiFo
 .text.HAL_PCDEx_LPM_Callback
                0x08002644       0x18 ./Drivers/STM32F4xx_HAL_Driver/Src/stm32f4xx_hal_pcd_ex.o
                0x08002644                HAL_PCDEx_LPM_Callback
 .text.HAL_RCC_OscConfig
                0x0800265c      0x4f0 ./Drivers/STM32F4xx_HAL_Driver/Src/stm32f4xx_hal_rcc.o
                0x0800265c                HAL_RCC_OscConfig
 .text.HAL_RCC_ClockConfig
                0x08002b4c      0x1cc ./Drivers/STM32F4xx_HAL_Driver/Src/stm32f4xx_hal_rcc.o
                0x08002b4c                HAL_RCC_ClockConfig
 .text.HAL_RCC_GetSysClockFreq
                0x08002d18      0x20c ./Drivers/STM32F4xx_HAL_Driver/Src/stm32f4xx_hal_rcc.o
                0x08002d18                HAL_RCC_GetSysClockFreq
 .text.HAL_RCC_GetHCLKFreq
                0x08002f24       0x18 ./Drivers/STM32F4xx_HAL_Driver/Src/stm32f4xx_hal_rcc.o
                0x08002f24                HAL_RCC_GetHCLKFreq
 .text.HAL_RCC_GetPCLK1Freq
                0x08002f3c       0x28 ./Drivers/STM32F4xx_HAL_Driver/Src/stm32f4xx_hal_rcc.o
                0x08002f3c                HAL_RCC_GetPCLK1Freq
 .text.HAL_RCC_GetClockConfig
                0x08002f64       0x64 ./Drivers/STM32F4xx_HAL_Driver/Src/stm32f4xx_hal_rcc.o
                0x08002f64                HAL_RCC_GetClockConfig
 .text.HAL_TIM_Base_Init
                0x08002fc8       0x9e ./Drivers/STM32F4xx_HAL_Driver/Src/stm32f4xx_hal_tim.o
                0x08002fc8                HAL_TIM_Base_Init
 .text.HAL_TIM_Base_MspInit
                0x08003066       0x14 ./Drivers/STM32F4xx_HAL_Driver/Src/stm32f4xx_hal_tim.o
                0x08003066                HAL_TIM_Base_MspInit
 *fill*         0x0800307a        0x2 
 .text.HAL_TIM_Base_Start_IT
                0x0800307c       0xc4 ./Drivers/STM32F4xx_HAL_Driver/Src/stm32f4xx_hal_tim.o
                0x0800307c                HAL_TIM_Base_Start_IT
 .text.HAL_TIM_IRQHandler
                0x08003140      0x1e0 ./Drivers/STM32F4xx_HAL_Driver/Src/stm32f4xx_hal_tim.o
                0x08003140                HAL_TIM_IRQHandler
 .text.HAL_TIM_OC_DelayElapsedCallback
                0x08003320       0x14 ./Drivers/STM32F4xx_HAL_Driver/Src/stm32f4xx_hal_tim.o
                0x08003320                HAL_TIM_OC_DelayElapsedCallback
 .text.HAL_TIM_IC_CaptureCallback
                0x08003334       0x14 ./Drivers/STM32F4xx_HAL_Driver/Src/stm32f4xx_hal_tim.o
                0x08003334                HAL_TIM_IC_CaptureCallback
 .text.HAL_TIM_PWM_PulseFinishedCallback
                0x08003348       0x14 ./Drivers/STM32F4xx_HAL_Driver/Src/stm32f4xx_hal_tim.o
                0x08003348                HAL_TIM_PWM_PulseFinishedCallback
 .text.HAL_TIM_TriggerCallback
                0x0800335c       0x14 ./Drivers/STM32F4xx_HAL_Driver/Src/stm32f4xx_hal_tim.o
                0x0800335c                HAL_TIM_TriggerCallback
 .text.TIM_Base_SetConfig
                0x08003370      0x10c ./Drivers/STM32F4xx_HAL_Driver/Src/stm32f4xx_hal_tim.o
                0x08003370                TIM_Base_SetConfig
 .text.HAL_TIMEx_CommutCallback
                0x0800347c       0x14 ./Drivers/STM32F4xx_HAL_Driver/Src/stm32f4xx_hal_tim_ex.o
                0x0800347c                HAL_TIMEx_CommutCallback
 .text.HAL_TIMEx_BreakCallback
                0x08003490       0x14 ./Drivers/STM32F4xx_HAL_Driver/Src/stm32f4xx_hal_tim_ex.o
                0x08003490                HAL_TIMEx_BreakCallback
 .text.USB_CoreInit
                0x080034a4       0xc8 ./Drivers/STM32F4xx_HAL_Driver/Src/stm32f4xx_ll_usb.o
                0x080034a4                USB_CoreInit
 .text.USB_SetTurnaroundTime
                0x0800356c      0x144 ./Drivers/STM32F4xx_HAL_Driver/Src/stm32f4xx_ll_usb.o
                0x0800356c                USB_SetTurnaroundTime
 .text.USB_EnableGlobalInt
                0x080036b0       0x22 ./Drivers/STM32F4xx_HAL_Driver/Src/stm32f4xx_ll_usb.o
                0x080036b0                USB_EnableGlobalInt
 .text.USB_DisableGlobalInt
                0x080036d2       0x22 ./Drivers/STM32F4xx_HAL_Driver/Src/stm32f4xx_ll_usb.o
                0x080036d2                USB_DisableGlobalInt
 .text.USB_SetCurrentMode
                0x080036f4       0x98 ./Drivers/STM32F4xx_HAL_Driver/Src/stm32f4xx_ll_usb.o
                0x080036f4                USB_SetCurrentMode
 .text.USB_DevInit
                0x0800378c      0x2c8 ./Drivers/STM32F4xx_HAL_Driver/Src/stm32f4xx_ll_usb.o
                0x0800378c                USB_DevInit
 .text.USB_FlushTxFifo
                0x08003a54       0x64 ./Drivers/STM32F4xx_HAL_Driver/Src/stm32f4xx_ll_usb.o
                0x08003a54                USB_FlushTxFifo
 .text.USB_FlushRxFifo
                0x08003ab8       0x5c ./Drivers/STM32F4xx_HAL_Driver/Src/stm32f4xx_ll_usb.o
                0x08003ab8                USB_FlushRxFifo
 .text.USB_SetDevSpeed
                0x08003b14       0x32 ./Drivers/STM32F4xx_HAL_Driver/Src/stm32f4xx_ll_usb.o
                0x08003b14                USB_SetDevSpeed
 .text.USB_GetDevSpeed
                0x08003b46       0x4a ./Drivers/STM32F4xx_HAL_Driver/Src/stm32f4xx_ll_usb.o
                0x08003b46                USB_GetDevSpeed
 .text.USB_ActivateEndpoint
                0x08003b90      0x10e ./Drivers/STM32F4xx_HAL_Driver/Src/stm32f4xx_ll_usb.o
                0x08003b90                USB_ActivateEndpoint
 *fill*         0x08003c9e        0x2 
 .text.USB_DeactivateEndpoint
                0x08003ca0      0x1b8 ./Drivers/STM32F4xx_HAL_Driver/Src/stm32f4xx_ll_usb.o
                0x08003ca0                USB_DeactivateEndpoint
 .text.USB_EPStartXfer
                0x08003e58      0x53c ./Drivers/STM32F4xx_HAL_Driver/Src/stm32f4xx_ll_usb.o
                0x08003e58                USB_EPStartXfer
 .text.USB_EPStopXfer
                0x08004394      0x154 ./Drivers/STM32F4xx_HAL_Driver/Src/stm32f4xx_ll_usb.o
                0x08004394                USB_EPStopXfer
 .text.USB_WritePacket
                0x080044e8       0x7c ./Drivers/STM32F4xx_HAL_Driver/Src/stm32f4xx_ll_usb.o
                0x080044e8                USB_WritePacket
 .text.USB_ReadPacket
                0x08004564       0xb0 ./Drivers/STM32F4xx_HAL_Driver/Src/stm32f4xx_ll_usb.o
                0x08004564                USB_ReadPacket
 .text.USB_EPSetStall
                0x08004614       0xdc ./Drivers/STM32F4xx_HAL_Driver/Src/stm32f4xx_ll_usb.o
                0x08004614                USB_EPSetStall
 .text.USB_EPClearStall
                0x080046f0       0xcc ./Drivers/STM32F4xx_HAL_Driver/Src/stm32f4xx_ll_usb.o
                0x080046f0                USB_EPClearStall
 .text.USB_SetDevAddress
                0x080047bc       0x4c ./Drivers/STM32F4xx_HAL_Driver/Src/stm32f4xx_ll_usb.o
                0x080047bc                USB_SetDevAddress
 .text.USB_DevConnect
                0x08004808       0x42 ./Drivers/STM32F4xx_HAL_Driver/Src/stm32f4xx_ll_usb.o
                0x08004808                USB_DevConnect
 .text.USB_DevDisconnect
                0x0800484a       0x42 ./Drivers/STM32F4xx_HAL_Driver/Src/stm32f4xx_ll_usb.o
                0x0800484a                USB_DevDisconnect
 .text.USB_ReadInterrupts
                0x0800488c       0x26 ./Drivers/STM32F4xx_HAL_Driver/Src/stm32f4xx_ll_usb.o
                0x0800488c                USB_ReadInterrupts
 .text.USB_ReadDevAllOutEpInterrupt
                0x080048b2       0x34 ./Drivers/STM32F4xx_HAL_Driver/Src/stm32f4xx_ll_usb.o
                0x080048b2                USB_ReadDevAllOutEpInterrupt
 .text.USB_ReadDevAllInEpInterrupt
                0x080048e6       0x34 ./Drivers/STM32F4xx_HAL_Driver/Src/stm32f4xx_ll_usb.o
                0x080048e6                USB_ReadDevAllInEpInterrupt
 .text.USB_ReadDevOutEPInterrupt
                0x0800491a       0x3c ./Drivers/STM32F4xx_HAL_Driver/Src/stm32f4xx_ll_usb.o
                0x0800491a                USB_ReadDevOutEPInterrupt
 .text.USB_ReadDevInEPInterrupt
                0x08004956       0x5c ./Drivers/STM32F4xx_HAL_Driver/Src/stm32f4xx_ll_usb.o
                0x08004956                USB_ReadDevInEPInterrupt
 .text.USB_GetMode
                0x080049b2       0x1c ./Drivers/STM32F4xx_HAL_Driver/Src/stm32f4xx_ll_usb.o
                0x080049b2                USB_GetMode
 .text.USB_ActivateSetup
                0x080049ce       0x46 ./Drivers/STM32F4xx_HAL_Driver/Src/stm32f4xx_ll_usb.o
                0x080049ce                USB_ActivateSetup
 .text.USB_EP0_OutStart
                0x08004a14       0xbc ./Drivers/STM32F4xx_HAL_Driver/Src/stm32f4xx_ll_usb.o
                0x08004a14                USB_EP0_OutStart
 .text.USB_CoreReset
                0x08004ad0       0x70 ./Drivers/STM32F4xx_HAL_Driver/Src/stm32f4xx_ll_usb.o
 .text.USBD_CDC_Init
                0x08004b40      0x1f0 ./Middlewares/ST/STM32_USB_Device_Library/Class/CDC/Src/usbd_cdc.o
 .text.USBD_CDC_DeInit
                0x08004d30      0x104 ./Middlewares/ST/STM32_USB_Device_Library/Class/CDC/Src/usbd_cdc.o
 .text.USBD_CDC_Setup
                0x08004e34      0x1b8 ./Middlewares/ST/STM32_USB_Device_Library/Class/CDC/Src/usbd_cdc.o
 .text.USBD_CDC_DataIn
                0x08004fec       0xfe ./Middlewares/ST/STM32_USB_Device_Library/Class/CDC/Src/usbd_cdc.o
 .text.USBD_CDC_DataOut
                0x080050ea       0x70 ./Middlewares/ST/STM32_USB_Device_Library/Class/CDC/Src/usbd_cdc.o
 .text.USBD_CDC_EP0_RxReady
                0x0800515a       0x74 ./Middlewares/ST/STM32_USB_Device_Library/Class/CDC/Src/usbd_cdc.o
 *fill*         0x080051ce        0x2 
 .text.USBD_CDC_GetFSCfgDesc
                0x080051d0       0x70 ./Middlewares/ST/STM32_USB_Device_Library/Class/CDC/Src/usbd_cdc.o
 .text.USBD_CDC_GetHSCfgDesc
                0x08005240       0x70 ./Middlewares/ST/STM32_USB_Device_Library/Class/CDC/Src/usbd_cdc.o
 .text.USBD_CDC_GetOtherSpeedCfgDesc
                0x080052b0       0x70 ./Middlewares/ST/STM32_USB_Device_Library/Class/CDC/Src/usbd_cdc.o
 .text.USBD_CDC_GetDeviceQualifierDescriptor
                0x08005320       0x20 ./Middlewares/ST/STM32_USB_Device_Library/Class/CDC/Src/usbd_cdc.o
                0x08005320                USBD_CDC_GetDeviceQualifierDescriptor
 .text.USBD_CDC_RegisterInterface
                0x08005340       0x34 ./Middlewares/ST/STM32_USB_Device_Library/Class/CDC/Src/usbd_cdc.o
                0x08005340                USBD_CDC_RegisterInterface
 .text.USBD_CDC_SetTxBuffer
                0x08005374       0x44 ./Middlewares/ST/STM32_USB_Device_Library/Class/CDC/Src/usbd_cdc.o
                0x08005374                USBD_CDC_SetTxBuffer
 .text.USBD_CDC_SetRxBuffer
                0x080053b8       0x3a ./Middlewares/ST/STM32_USB_Device_Library/Class/CDC/Src/usbd_cdc.o
                0x080053b8                USBD_CDC_SetRxBuffer
 *fill*         0x080053f2        0x2 
 .text.USBD_CDC_ReceivePacket
                0x080053f4       0x6c ./Middlewares/ST/STM32_USB_Device_Library/Class/CDC/Src/usbd_cdc.o
                0x080053f4                USBD_CDC_ReceivePacket
 .text.USBD_Init
                0x08005460       0x60 ./Middlewares/ST/STM32_USB_Device_Library/Core/Src/usbd_core.o
                0x08005460                USBD_Init
 .text.USBD_RegisterClass
                0x080054c0       0x6c ./Middlewares/ST/STM32_USB_Device_Library/Core/Src/usbd_core.o
                0x080054c0                USBD_RegisterClass
 .text.USBD_Start
                0x0800552c       0x18 ./Middlewares/ST/STM32_USB_Device_Library/Core/Src/usbd_core.o
                0x0800552c                USBD_Start
 .text.USBD_RunTestMode
                0x08005544       0x16 ./Middlewares/ST/STM32_USB_Device_Library/Core/Src/usbd_core.o
                0x08005544                USBD_RunTestMode
 .text.USBD_SetClassConfig
                0x0800555a       0x38 ./Middlewares/ST/STM32_USB_Device_Library/Core/Src/usbd_core.o
                0x0800555a                USBD_SetClassConfig
 .text.USBD_ClrClassConfig
                0x08005592       0x34 ./Middlewares/ST/STM32_USB_Device_Library/Core/Src/usbd_core.o
                0x08005592                USBD_ClrClassConfig
 .text.USBD_LL_SetupStage
                0x080055c6       0xaa ./Middlewares/ST/STM32_USB_Device_Library/Core/Src/usbd_core.o
                0x080055c6                USBD_LL_SetupStage
 .text.USBD_LL_DataOutStage
                0x08005670      0x178 ./Middlewares/ST/STM32_USB_Device_Library/Core/Src/usbd_core.o
                0x08005670                USBD_LL_DataOutStage
 .text.USBD_LL_DataInStage
                0x080057e8      0x176 ./Middlewares/ST/STM32_USB_Device_Library/Core/Src/usbd_core.o
                0x080057e8                USBD_LL_DataInStage
 .text.USBD_LL_Reset
                0x0800595e       0xa6 ./Middlewares/ST/STM32_USB_Device_Library/Core/Src/usbd_core.o
                0x0800595e                USBD_LL_Reset
 .text.USBD_LL_SetSpeed
                0x08005a04       0x20 ./Middlewares/ST/STM32_USB_Device_Library/Core/Src/usbd_core.o
                0x08005a04                USBD_LL_SetSpeed
 .text.USBD_LL_Suspend
                0x08005a24       0x38 ./Middlewares/ST/STM32_USB_Device_Library/Core/Src/usbd_core.o
                0x08005a24                USBD_LL_Suspend
 .text.USBD_LL_Resume
                0x08005a5c       0x30 ./Middlewares/ST/STM32_USB_Device_Library/Core/Src/usbd_core.o
                0x08005a5c                USBD_LL_Resume
 .text.USBD_LL_SOF
                0x08005a8c       0x40 ./Middlewares/ST/STM32_USB_Device_Library/Core/Src/usbd_core.o
                0x08005a8c                USBD_LL_SOF
 .text.USBD_LL_IsoINIncomplete
                0x08005acc       0x64 ./Middlewares/ST/STM32_USB_Device_Library/Core/Src/usbd_core.o
                0x08005acc                USBD_LL_IsoINIncomplete
 .text.USBD_LL_IsoOUTIncomplete
                0x08005b30       0x64 ./Middlewares/ST/STM32_USB_Device_Library/Core/Src/usbd_core.o
                0x08005b30                USBD_LL_IsoOUTIncomplete
 .text.USBD_LL_DevConnected
                0x08005b94       0x16 ./Middlewares/ST/STM32_USB_Device_Library/Core/Src/usbd_core.o
                0x08005b94                USBD_LL_DevConnected
 .text.USBD_LL_DevDisconnected
                0x08005baa       0x46 ./Middlewares/ST/STM32_USB_Device_Library/Core/Src/usbd_core.o
                0x08005baa                USBD_LL_DevDisconnected
 .text.USBD_CoreFindIF
                0x08005bf0       0x1a ./Middlewares/ST/STM32_USB_Device_Library/Core/Src/usbd_core.o
                0x08005bf0                USBD_CoreFindIF
 .text.USBD_CoreFindEP
                0x08005c0a       0x1a ./Middlewares/ST/STM32_USB_Device_Library/Core/Src/usbd_core.o
                0x08005c0a                USBD_CoreFindEP
 .text.USBD_GetEpDesc
                0x08005c24       0x70 ./Middlewares/ST/STM32_USB_Device_Library/Core/Src/usbd_core.o
                0x08005c24                USBD_GetEpDesc
 .text.USBD_GetNextDesc
                0x08005c94       0x38 ./Middlewares/ST/STM32_USB_Device_Library/Core/Src/usbd_core.o
                0x08005c94                USBD_GetNextDesc
 .text.SWAPBYTE
                0x08005ccc       0x3e ./Middlewares/ST/STM32_USB_Device_Library/Core/Src/usbd_ctlreq.o
 *fill*         0x08005d0a        0x2 
 .text.USBD_StdDevReq
                0x08005d0c       0xe4 ./Middlewares/ST/STM32_USB_Device_Library/Core/Src/usbd_ctlreq.o
                0x08005d0c                USBD_StdDevReq
 .text.USBD_StdItfReq
                0x08005df0       0xd8 ./Middlewares/ST/STM32_USB_Device_Library/Core/Src/usbd_ctlreq.o
                0x08005df0                USBD_StdItfReq
 .text.USBD_StdEPReq
                0x08005ec8      0x33e ./Middlewares/ST/STM32_USB_Device_Library/Core/Src/usbd_ctlreq.o
                0x08005ec8                USBD_StdEPReq
 *fill*         0x08006206        0x2 
 .text.USBD_GetDescriptor
                0x08006208      0x2d4 ./Middlewares/ST/STM32_USB_Device_Library/Core/Src/usbd_ctlreq.o
 .text.USBD_SetAddress
                0x080064dc       0x88 ./Middlewares/ST/STM32_USB_Device_Library/Core/Src/usbd_ctlreq.o
 .text.USBD_SetConfig
                0x08006564      0x154 ./Middlewares/ST/STM32_USB_Device_Library/Core/Src/usbd_ctlreq.o
 .text.USBD_GetConfig
                0x080066b8       0x6c ./Middlewares/ST/STM32_USB_Device_Library/Core/Src/usbd_ctlreq.o
 .text.USBD_GetStatus
                0x08006724       0x68 ./Middlewares/ST/STM32_USB_Device_Library/Core/Src/usbd_ctlreq.o
 .text.USBD_SetFeature
                0x0800678c       0x52 ./Middlewares/ST/STM32_USB_Device_Library/Core/Src/usbd_ctlreq.o
 .text.USBD_ClrFeature
                0x080067de       0x44 ./Middlewares/ST/STM32_USB_Device_Library/Core/Src/usbd_ctlreq.o
 .text.USBD_ParseSetupRequest
                0x08006822       0x74 ./Middlewares/ST/STM32_USB_Device_Library/Core/Src/usbd_ctlreq.o
                0x08006822                USBD_ParseSetupRequest
 .text.USBD_CtlError
                0x08006896       0x22 ./Middlewares/ST/STM32_USB_Device_Library/Core/Src/usbd_ctlreq.o
                0x08006896                USBD_CtlError
 .text.USBD_GetString
                0x080068b8       0xa4 ./Middlewares/ST/STM32_USB_Device_Library/Core/Src/usbd_ctlreq.o
                0x080068b8                USBD_GetString
 .text.USBD_GetLen
                0x0800695c       0x34 ./Middlewares/ST/STM32_USB_Device_Library/Core/Src/usbd_ctlreq.o
 .text.USBD_CtlSendData
                0x08006990       0x3c ./Middlewares/ST/STM32_USB_Device_Library/Core/Src/usbd_ioreq.o
                0x08006990                USBD_CtlSendData
 .text.USBD_CtlContinueSendData
                0x080069cc       0x22 ./Middlewares/ST/STM32_USB_Device_Library/Core/Src/usbd_ioreq.o
                0x080069cc                USBD_CtlContinueSendData
 .text.USBD_CtlPrepareRx
                0x080069ee       0x42 ./Middlewares/ST/STM32_USB_Device_Library/Core/Src/usbd_ioreq.o
                0x080069ee                USBD_CtlPrepareRx
 .text.USBD_CtlContinueRx
                0x08006a30       0x22 ./Middlewares/ST/STM32_USB_Device_Library/Core/Src/usbd_ioreq.o
                0x08006a30                USBD_CtlContinueRx
 .text.USBD_CtlSendStatus
                0x08006a52       0x26 ./Middlewares/ST/STM32_USB_Device_Library/Core/Src/usbd_ioreq.o
                0x08006a52                USBD_CtlSendStatus
 .text.USBD_CtlReceiveStatus
                0x08006a78       0x26 ./Middlewares/ST/STM32_USB_Device_Library/Core/Src/usbd_ioreq.o
                0x08006a78                USBD_CtlReceiveStatus
 *fill*         0x08006a9e        0x2 
 .text.SysTick_Handler
                0x08006aa0       0x20 ./Middlewares/Third_Party/FreeRTOS/Source/CMSIS_RTOS_V2/cmsis_os2.o
                0x08006aa0                SysTick_Handler
 .text.osThreadNew
                0x08006ac0      0x124 ./Middlewares/Third_Party/FreeRTOS/Source/CMSIS_RTOS_V2/cmsis_os2.o
                0x08006ac0                osThreadNew
 .text.osDelay  0x08006be4       0x36 ./Middlewares/Third_Party/FreeRTOS/Source/CMSIS_RTOS_V2/cmsis_os2.o
                0x08006be4                osDelay
 *fill*         0x08006c1a        0x2 
 .text.vApplicationGetIdleTaskMemory
                0x08006c1c       0x34 ./Middlewares/Third_Party/FreeRTOS/Source/CMSIS_RTOS_V2/cmsis_os2.o
                0x08006c1c                vApplicationGetIdleTaskMemory
 .text.vApplicationGetTimerTaskMemory
                0x08006c50       0x34 ./Middlewares/Third_Party/FreeRTOS/Source/CMSIS_RTOS_V2/cmsis_os2.o
                0x08006c50                vApplicationGetTimerTaskMemory
 .text.vListInitialise
                0x08006c84       0x40 ./Middlewares/Third_Party/FreeRTOS/Source/list.o
                0x08006c84                vListInitialise
 .text.vListInitialiseItem
                0x08006cc4       0x1a ./Middlewares/Third_Party/FreeRTOS/Source/list.o
                0x08006cc4                vListInitialiseItem
 .text.vListInsertEnd
                0x08006cde       0x48 ./Middlewares/Third_Party/FreeRTOS/Source/list.o
                0x08006cde                vListInsertEnd
 .text.vListInsert
                0x08006d26       0x72 ./Middlewares/Third_Party/FreeRTOS/Source/list.o
                0x08006d26                vListInsert
 .text.uxListRemove
                0x08006d98       0x54 ./Middlewares/Third_Party/FreeRTOS/Source/list.o
                0x08006d98                uxListRemove
 .text.xQueueGenericReset
                0x08006dec       0xd4 ./Middlewares/Third_Party/FreeRTOS/Source/queue.o
                0x08006dec                xQueueGenericReset
 .text.xQueueGenericCreateStatic
                0x08006ec0       0xfa ./Middlewares/Third_Party/FreeRTOS/Source/queue.o
                0x08006ec0                xQueueGenericCreateStatic
 .text.prvInitialiseNewQueue
                0x08006fba       0x46 ./Middlewares/Third_Party/FreeRTOS/Source/queue.o
 .text.xQueueGenericSend
                0x08007000      0x204 ./Middlewares/Third_Party/FreeRTOS/Source/queue.o
                0x08007000                xQueueGenericSend
 .text.xQueueGenericSendFromISR
                0x08007204      0x13c ./Middlewares/Third_Party/FreeRTOS/Source/queue.o
                0x08007204                xQueueGenericSendFromISR
 .text.xQueueReceive
                0x08007340      0x1c4 ./Middlewares/Third_Party/FreeRTOS/Source/queue.o
                0x08007340                xQueueReceive
 .text.prvCopyDataToQueue
                0x08007504       0xd4 ./Middlewares/Third_Party/FreeRTOS/Source/queue.o
 .text.prvCopyDataFromQueue
                0x080075d8       0x4c ./Middlewares/Third_Party/FreeRTOS/Source/queue.o
 .text.prvUnlockQueue
                0x08007624       0xa4 ./Middlewares/Third_Party/FreeRTOS/Source/queue.o
 .text.prvIsQueueEmpty
                0x080076c8       0x2c ./Middlewares/Third_Party/FreeRTOS/Source/queue.o
 .text.prvIsQueueFull
                0x080076f4       0x30 ./Middlewares/Third_Party/FreeRTOS/Source/queue.o
 .text.vQueueAddToRegistry
                0x08007724       0x54 ./Middlewares/Third_Party/FreeRTOS/Source/queue.o
                0x08007724                vQueueAddToRegistry
 .text.vQueueWaitForMessageRestricted
                0x08007778       0x68 ./Middlewares/Third_Party/FreeRTOS/Source/queue.o
                0x08007778                vQueueWaitForMessageRestricted
 .text.xTaskCreateStatic
                0x080077e0       0xc0 ./Middlewares/Third_Party/FreeRTOS/Source/tasks.o
                0x080077e0                xTaskCreateStatic
 .text.xTaskCreate
                0x080078a0       0x8a ./Middlewares/Third_Party/FreeRTOS/Source/tasks.o
                0x080078a0                xTaskCreate
 .text.prvInitialiseNewTask
                0x0800792a      0x120 ./Middlewares/Third_Party/FreeRTOS/Source/tasks.o
 *fill*         0x08007a4a        0x2 
 .text.prvAddNewTaskToReadyList
                0x08007a4c       0xe0 ./Middlewares/Third_Party/FreeRTOS/Source/tasks.o
 .text.vTaskDelay
                0x08007b2c       0x6c ./Middlewares/Third_Party/FreeRTOS/Source/tasks.o
                0x08007b2c                vTaskDelay
 .text.vTaskStartScheduler
                0x08007b98       0xd0 ./Middlewares/Third_Party/FreeRTOS/Source/tasks.o
                0x08007b98                vTaskStartScheduler
 .text.vTaskSuspendAll
                0x08007c68       0x1c ./Middlewares/Third_Party/FreeRTOS/Source/tasks.o
                0x08007c68                vTaskSuspendAll
 .text.xTaskResumeAll
                0x08007c84      0x13c ./Middlewares/Third_Party/FreeRTOS/Source/tasks.o
                0x08007c84                xTaskResumeAll
 .text.xTaskGetTickCount
                0x08007dc0       0x20 ./Middlewares/Third_Party/FreeRTOS/Source/tasks.o
                0x08007dc0                xTaskGetTickCount
 .text.xTaskIncrementTick
                0x08007de0      0x174 ./Middlewares/Third_Party/FreeRTOS/Source/tasks.o
                0x08007de0                xTaskIncrementTick
 .text.vTaskSwitchContext
                0x08007f54       0xbc ./Middlewares/Third_Party/FreeRTOS/Source/tasks.o
                0x08007f54                vTaskSwitchContext
 .text.vTaskPlaceOnEventList
                0x08008010       0x4c ./Middlewares/Third_Party/FreeRTOS/Source/tasks.o
                0x08008010                vTaskPlaceOnEventList
 .text.vTaskPlaceOnEventListRestricted
                0x0800805c       0x58 ./Middlewares/Third_Party/FreeRTOS/Source/tasks.o
                0x0800805c                vTaskPlaceOnEventListRestricted
 .text.xTaskRemoveFromEventList
                0x080080b4       0xc8 ./Middlewares/Third_Party/FreeRTOS/Source/tasks.o
                0x080080b4                xTaskRemoveFromEventList
 .text.vTaskInternalSetTimeOutState
                0x0800817c       0x2c ./Middlewares/Third_Party/FreeRTOS/Source/tasks.o
                0x0800817c                vTaskInternalSetTimeOutState
 .text.xTaskCheckForTimeOut
                0x080081a8       0xc8 ./Middlewares/Third_Party/FreeRTOS/Source/tasks.o
                0x080081a8                xTaskCheckForTimeOut
 .text.vTaskMissedYield
                0x08008270       0x18 ./Middlewares/Third_Party/FreeRTOS/Source/tasks.o
                0x08008270                vTaskMissedYield
 .text.prvIdleTask
                0x08008288       0x30 ./Middlewares/Third_Party/FreeRTOS/Source/tasks.o
 .text.prvInitialiseTaskLists
                0x080082b8       0x80 ./Middlewares/Third_Party/FreeRTOS/Source/tasks.o
 .text.prvCheckTasksWaitingTermination
                0x08008338       0x5c ./Middlewares/Third_Party/FreeRTOS/Source/tasks.o
 .text.prvDeleteTCB
                0x08008394       0x60 ./Middlewares/Third_Party/FreeRTOS/Source/tasks.o
 .text.prvResetNextTaskUnblockTime
                0x080083f4       0x40 ./Middlewares/Third_Party/FreeRTOS/Source/tasks.o
 .text.xTaskGetSchedulerState
                0x08008434       0x3c ./Middlewares/Third_Party/FreeRTOS/Source/tasks.o
                0x08008434                xTaskGetSchedulerState
 .text.xTaskPriorityDisinherit
                0x08008470       0xe0 ./Middlewares/Third_Party/FreeRTOS/Source/tasks.o
                0x08008470                xTaskPriorityDisinherit
 .text.ulTaskNotifyTake
                0x08008550       0x90 ./Middlewares/Third_Party/FreeRTOS/Source/tasks.o
                0x08008550                ulTaskNotifyTake
 .text.vTaskNotifyGiveFromISR
                0x080085e0      0x128 ./Middlewares/Third_Party/FreeRTOS/Source/tasks.o
                0x080085e0                vTaskNotifyGiveFromISR
 .text.prvAddCurrentTaskToDelayedList
                0x08008708       0xa8 ./Middlewares/Third_Party/FreeRTOS/Source/tasks.o
 .text.xTimerCreateTimerTask
                0x080087b0       0x94 ./Middlewares/Third_Party/FreeRTOS/Source/timers.o
                0x080087b0                xTimerCreateTimerTask
 .text.xTimerGenericCommand
                0x08008844       0x9c ./Middlewares/Third_Party/FreeRTOS/Source/timers.o
                0x08008844                xTimerGenericCommand
 .text.prvProcessExpiredTimer
                0x080088e0       0x9c ./Middlewares/Third_Party/FreeRTOS/Source/timers.o
 .text.prvTimerTask
                0x0800897c       0x26 ./Middlewares/Third_Party/FreeRTOS/Source/timers.o
 *fill*         0x080089a2        0x2 
 .text.prvProcessTimerOrBlockTask
                0x080089a4       0x9c ./Middlewares/Third_Party/FreeRTOS/Source/timers.o
 .text.prvGetNextExpireTime
                0x08008a40       0x48 ./Middlewares/Third_Party/FreeRTOS/Source/timers.o
 .text.prvSampleTimeNow
                0x08008a88       0x40 ./Middlewares/Third_Party/FreeRTOS/Source/timers.o
 .text.prvInsertTimerInActiveList
                0x08008ac8       0x84 ./Middlewares/Third_Party/FreeRTOS/Source/timers.o
 .text.prvProcessReceivedCommands
                0x08008b4c      0x1cc ./Middlewares/Third_Party/FreeRTOS/Source/timers.o
 .text.prvSwitchTimerLists
                0x08008d18       0xcc ./Middlewares/Third_Party/FreeRTOS/Source/timers.o
 .text.prvCheckForValidListAndQueue
                0x08008de4       0x80 ./Middlewares/Third_Party/FreeRTOS/Source/timers.o
 .text.pxPortInitialiseStack
                0x08008e64       0x68 ./Middlewares/Third_Party/FreeRTOS/Source/portable/GCC/ARM_CM4F/port.o
                0x08008e64                pxPortInitialiseStack
 .text.prvTaskExitError
                0x08008ecc       0x5c ./Middlewares/Third_Party/FreeRTOS/Source/portable/GCC/ARM_CM4F/port.o
 *fill*         0x08008f28        0x8 
 .text.SVC_Handler
                0x08008f30       0x28 ./Middlewares/Third_Party/FreeRTOS/Source/portable/GCC/ARM_CM4F/port.o
                0x08008f30                SVC_Handler
 .text.prvPortStartFirstTask
                0x08008f58       0x28 ./Middlewares/Third_Party/FreeRTOS/Source/portable/GCC/ARM_CM4F/port.o
 .text.xPortStartScheduler
                0x08008f80      0x148 ./Middlewares/Third_Party/FreeRTOS/Source/portable/GCC/ARM_CM4F/port.o
                0x08008f80                xPortStartScheduler
 .text.vPortEnterCritical
                0x080090c8       0x64 ./Middlewares/Third_Party/FreeRTOS/Source/portable/GCC/ARM_CM4F/port.o
                0x080090c8                vPortEnterCritical
 .text.vPortExitCritical
                0x0800912c       0x54 ./Middlewares/Third_Party/FreeRTOS/Source/portable/GCC/ARM_CM4F/port.o
                0x0800912c                vPortExitCritical
 .text.PendSV_Handler
                0x08009180       0x68 ./Middlewares/Third_Party/FreeRTOS/Source/portable/GCC/ARM_CM4F/port.o
                0x08009180                PendSV_Handler
 .text.xPortSysTickHandler
                0x080091e8       0x44 ./Middlewares/Third_Party/FreeRTOS/Source/portable/GCC/ARM_CM4F/port.o
                0x080091e8                xPortSysTickHandler
 .text.vPortSetupTimerInterrupt
                0x0800922c       0x48 ./Middlewares/Third_Party/FreeRTOS/Source/portable/GCC/ARM_CM4F/port.o
                0x0800922c                vPortSetupTimerInterrupt
 .text.vPortEnableVFP
                0x08009274       0x14 ./Middlewares/Third_Party/FreeRTOS/Source/portable/GCC/ARM_CM4F/port.o
 .text.vPortValidateInterruptPriority
                0x08009288       0x84 ./Middlewares/Third_Party/FreeRTOS/Source/portable/GCC/ARM_CM4F/port.o
                0x08009288                vPortValidateInterruptPriority
 .text.pvPortMalloc
                0x0800930c      0x19c ./Middlewares/Third_Party/FreeRTOS/Source/portable/MemMang/heap_4.o
                0x0800930c                pvPortMalloc
 .text.vPortFree
                0x080094a8       0xc8 ./Middlewares/Third_Party/FreeRTOS/Source/portable/MemMang/heap_4.o
                0x080094a8                vPortFree
 .text.prvHeapInit
                0x08009570       0xc4 ./Middlewares/Third_Party/FreeRTOS/Source/portable/MemMang/heap_4.o
 .text.prvInsertBlockIntoFreeList
                0x08009634       0xb4 ./Middlewares/Third_Party/FreeRTOS/Source/portable/MemMang/heap_4.o
 .text.MX_USB_DEVICE_Init
                0x080096e8       0x60 ./USB_DEVICE/App/usb_device.o
                0x080096e8                MX_USB_DEVICE_Init
 .text.CDC_Init_FS
                0x08009748       0x28 ./USB_DEVICE/App/usbd_cdc_if.o
 .text.CDC_DeInit_FS
                0x08009770       0x10 ./USB_DEVICE/App/usbd_cdc_if.o
 .text.CDC_Control_FS
                0x08009780       0xbc ./USB_DEVICE/App/usbd_cdc_if.o
 .text.CDC_Receive_FS
                0x0800983c       0x64 ./USB_DEVICE/App/usbd_cdc_if.o
 .text.CDC_TransmitCplt_FS
                0x080098a0       0x22 ./USB_DEVICE/App/usbd_cdc_if.o
 *fill*         0x080098c2        0x2 
 .text.USBD_FS_DeviceDescriptor
                0x080098c4       0x24 ./USB_DEVICE/App/usbd_desc.o
                0x080098c4                USBD_FS_DeviceDescriptor
 .text.USBD_FS_LangIDStrDescriptor
                0x080098e8       0x24 ./USB_DEVICE/App/usbd_desc.o
                0x080098e8                USBD_FS_LangIDStrDescriptor
 .text.USBD_FS_ProductStrDescriptor
                0x0800990c       0x3c ./USB_DEVICE/App/usbd_desc.o
                0x0800990c                USBD_FS_ProductStrDescriptor
 .text.USBD_FS_ManufacturerStrDescriptor
                0x08009948       0x28 ./USB_DEVICE/App/usbd_desc.o
                0x08009948                USBD_FS_ManufacturerStrDescriptor
 .text.USBD_FS_SerialStrDescriptor
                0x08009970       0x24 ./USB_DEVICE/App/usbd_desc.o
                0x08009970                USBD_FS_SerialStrDescriptor
 .text.USBD_FS_ConfigStrDescriptor
                0x08009994       0x3c ./USB_DEVICE/App/usbd_desc.o
                0x08009994                USBD_FS_ConfigStrDescriptor
 .text.USBD_FS_InterfaceStrDescriptor
                0x080099d0       0x3c ./USB_DEVICE/App/usbd_desc.o
                0x080099d0                USBD_FS_InterfaceStrDescriptor
 .text.Get_SerialNum
                0x08009a0c       0x58 ./USB_DEVICE/App/usbd_desc.o
 .text.IntToUnicode
                0x08009a64       0x7e ./USB_DEVICE/App/usbd_desc.o
 *fill*         0x08009ae2        0x2 
 .text.HAL_PCD_MspInit
                0x08009ae4       0xc4 ./USB_DEVICE/Target/usbd_conf.o
                0x08009ae4                HAL_PCD_MspInit
 .text.HAL_PCD_SetupStageCallback
                0x08009ba8       0x24 ./USB_DEVICE/Target/usbd_conf.o
                0x08009ba8                HAL_PCD_SetupStageCallback
 .text.HAL_PCD_DataOutStageCallback
                0x08009bcc       0x36 ./USB_DEVICE/Target/usbd_conf.o
                0x08009bcc                HAL_PCD_DataOutStageCallback
 .text.HAL_PCD_DataInStageCallback
                0x08009c02       0x34 ./USB_DEVICE/Target/usbd_conf.o
                0x08009c02                HAL_PCD_DataInStageCallback
 .text.HAL_PCD_SOFCallback
                0x08009c36       0x1c ./USB_DEVICE/Target/usbd_conf.o
                0x08009c36                HAL_PCD_SOFCallback
 .text.HAL_PCD_ResetCallback
                0x08009c52       0x3c ./USB_DEVICE/Target/usbd_conf.o
                0x08009c52                HAL_PCD_ResetCallback
 *fill*         0x08009c8e        0x2 
 .text.HAL_PCD_SuspendCallback
                0x08009c90       0x4c ./USB_DEVICE/Target/usbd_conf.o
                0x08009c90                HAL_PCD_SuspendCallback
 .text.HAL_PCD_ResumeCallback
                0x08009cdc       0x1c ./USB_DEVICE/Target/usbd_conf.o
                0x08009cdc                HAL_PCD_ResumeCallback
 .text.HAL_PCD_ISOOUTIncompleteCallback
                0x08009cf8       0x24 ./USB_DEVICE/Target/usbd_conf.o
                0x08009cf8                HAL_PCD_ISOOUTIncompleteCallback
 .text.HAL_PCD_ISOINIncompleteCallback
                0x08009d1c       0x24 ./USB_DEVICE/Target/usbd_conf.o
                0x08009d1c                HAL_PCD_ISOINIncompleteCallback
 .text.HAL_PCD_ConnectCallback
                0x08009d40       0x1c ./USB_DEVICE/Target/usbd_conf.o
                0x08009d40                HAL_PCD_ConnectCallback
 .text.HAL_PCD_DisconnectCallback
                0x08009d5c       0x1c ./USB_DEVICE/Target/usbd_conf.o
                0x08009d5c                HAL_PCD_DisconnectCallback
 .text.USBD_LL_Init
                0x08009d78       0x98 ./USB_DEVICE/Target/usbd_conf.o
                0x08009d78                USBD_LL_Init
 .text.USBD_LL_Start
                0x08009e10       0x36 ./USB_DEVICE/Target/usbd_conf.o
                0x08009e10                USBD_LL_Start
 .text.USBD_LL_OpenEP
                0x08009e46       0x4c ./USB_DEVICE/Target/usbd_conf.o
                0x08009e46                USBD_LL_OpenEP
 .text.USBD_LL_CloseEP
                0x08009e92       0x3e ./USB_DEVICE/Target/usbd_conf.o
                0x08009e92                USBD_LL_CloseEP
 .text.USBD_LL_StallEP
                0x08009ed0       0x3e ./USB_DEVICE/Target/usbd_conf.o
                0x08009ed0                USBD_LL_StallEP
 .text.USBD_LL_ClearStallEP
                0x08009f0e       0x3e ./USB_DEVICE/Target/usbd_conf.o
                0x08009f0e                USBD_LL_ClearStallEP
 .text.USBD_LL_IsStallEP
                0x08009f4c       0x58 ./USB_DEVICE/Target/usbd_conf.o
                0x08009f4c                USBD_LL_IsStallEP
 .text.USBD_LL_SetUSBAddress
                0x08009fa4       0x3e ./USB_DEVICE/Target/usbd_conf.o
                0x08009fa4                USBD_LL_SetUSBAddress
 .text.USBD_LL_Transmit
                0x08009fe2       0x42 ./USB_DEVICE/Target/usbd_conf.o
                0x08009fe2                USBD_LL_Transmit
 .text.USBD_LL_PrepareReceive
                0x0800a024       0x42 ./USB_DEVICE/Target/usbd_conf.o
                0x0800a024                USBD_LL_PrepareReceive
 .text.USBD_LL_GetRxDataSize
                0x0800a066       0x26 ./USB_DEVICE/Target/usbd_conf.o
                0x0800a066                USBD_LL_GetRxDataSize
 .text.USBD_static_malloc
                0x0800a08c       0x1c ./USB_DEVICE/Target/usbd_conf.o
                0x0800a08c                USBD_static_malloc
 .text.USBD_static_free
                0x0800a0a8       0x14 ./USB_DEVICE/Target/usbd_conf.o
                0x0800a0a8                USBD_static_free
 .text.USBD_Get_USB_Status
                0x0800a0bc       0x58 ./USB_DEVICE/Target/usbd_conf.o
                0x0800a0bc                USBD_Get_USB_Status
 .text.memset   0x0800a114       0x10 C:/ST/STM32CubeIDE_2.1.1/STM32CubeIDE/plugins/com.st.stm32cube.ide.mcu.externaltools.gnu-tools-for-stm32.14.3.rel1.win32_1.0.100.202602081740/tools/bin/../lib/gcc/arm-none-eabi/14.3.1/../../../../arm-none-eabi/lib/thumb/v7e-m+fp/hard\libc_nano.a(libc_a-memset.o)
                0x0800a114                memset
 .text.__libc_init_array
                0x0800a124       0x48 C:/ST/STM32CubeIDE_2.1.1/STM32CubeIDE/plugins/com.st.stm32cube.ide.mcu.externaltools.gnu-tools-for-stm32.14.3.rel1.win32_1.0.100.202602081740/tools/bin/../lib/gcc/arm-none-eabi/14.3.1/../../../../arm-none-eabi/lib/thumb/v7e-m+fp/hard\libc_nano.a(libc_a-init.o)
                0x0800a124                __libc_init_array
 .text.memcpy   0x0800a16c       0x1c C:/ST/STM32CubeIDE_2.1.1/STM32CubeIDE/plugins/com.st.stm32cube.ide.mcu.externaltools.gnu-tools-for-stm32.14.3.rel1.win32_1.0.100.202602081740/tools/bin/../lib/gcc/arm-none-eabi/14.3.1/../../../../arm-none-eabi/lib/thumb/v7e-m+fp/hard\libc_nano.a(libc_a-memcpy-stub.o)
                0x0800a16c                memcpy
 *(.glue_7)
 .glue_7        0x0800a188        0x0 linker stubs
 *(.glue_7t)
 .glue_7t       0x0800a188        0x0 linker stubs
 *(.eh_frame)
 .eh_frame      0x0800a188        0x0 C:/ST/STM32CubeIDE_2.1.1/STM32CubeIDE/plugins/com.st.stm32cube.ide.mcu.externaltools.gnu-tools-for-stm32.14.3.rel1.win32_1.0.100.202602081740/tools/bin/../lib/gcc/arm-none-eabi/14.3.1/thumb/v7e-m+fp/hard/crtbegin.o
 *(.init)
 .init          0x0800a188        0x4 C:/ST/STM32CubeIDE_2.1.1/STM32CubeIDE/plugins/com.st.stm32cube.ide.mcu.externaltools.gnu-tools-for-stm32.14.3.rel1.win32_1.0.100.202602081740/tools/bin/../lib/gcc/arm-none-eabi/14.3.1/thumb/v7e-m+fp/hard/crti.o
                0x0800a188                _init
 .init          0x0800a18c        0x8 C:/ST/STM32CubeIDE_2.1.1/STM32CubeIDE/plugins/com.st.stm32cube.ide.mcu.externaltools.gnu-tools-for-stm32.14.3.rel1.win32_1.0.100.202602081740/tools/bin/../lib/gcc/arm-none-eabi/14.3.1/thumb/v7e-m+fp/hard/crtn.o
 *(.fini)
 .fini          0x0800a194        0x4 C:/ST/STM32CubeIDE_2.1.1/STM32CubeIDE/plugins/com.st.stm32cube.ide.mcu.externaltools.gnu-tools-for-stm32.14.3.rel1.win32_1.0.100.202602081740/tools/bin/../lib/gcc/arm-none-eabi/14.3.1/thumb/v7e-m+fp/hard/crti.o
                0x0800a194                _fini
 .fini          0x0800a198        0x8 C:/ST/STM32CubeIDE_2.1.1/STM32CubeIDE/plugins/com.st.stm32cube.ide.mcu.externaltools.gnu-tools-for-stm32.14.3.rel1.win32_1.0.100.202602081740/tools/bin/../lib/gcc/arm-none-eabi/14.3.1/thumb/v7e-m+fp/hard/crtn.o
                0x0800a1a0                        . = ALIGN (0x4)
                0x0800a1a0                        _etext = .

.vfp11_veneer   0x0800a1a0        0x0
 .vfp11_veneer  0x0800a1a0        0x0 linker stubs

.v4_bx          0x0800a1a0        0x0
 .v4_bx         0x0800a1a0        0x0 linker stubs

.iplt           0x0800a1a0        0x0
 .iplt          0x0800a1a0        0x0 C:/ST/STM32CubeIDE_2.1.1/STM32CubeIDE/plugins/com.st.stm32cube.ide.mcu.externaltools.gnu-tools-for-stm32.14.3.rel1.win32_1.0.100.202602081740/tools/bin/../lib/gcc/arm-none-eabi/14.3.1/thumb/v7e-m+fp/hard/crtbegin.o

.rodata         0x0800a1a0       0xb4
                0x0800a1a0                        . = ALIGN (0x4)
 *(.rodata)
 .rodata        0x0800a1a0       0x15 ./Core/Src/main.o
 *fill*         0x0800a1b5        0x3 
 .rodata        0x0800a1b8        0x5 ./Middlewares/Third_Party/FreeRTOS/Source/tasks.o
 *fill*         0x0800a1bd        0x3 
 .rodata        0x0800a1c0        0xd ./Middlewares/Third_Party/FreeRTOS/Source/timers.o
 *fill*         0x0800a1cd        0x3 
 .rodata        0x0800a1d0       0x46 ./USB_DEVICE/App/usbd_desc.o
 *(.rodata*)
 *fill*         0x0800a216        0x2 
 .rodata.defaultTask_attributes
                0x0800a218       0x24 ./Core/Src/main.o
                0x0800a218                defaultTask_attributes
 .rodata.AHBPrescTable
                0x0800a23c       0x10 ./Core/Src/system_stm32f4xx.o
                0x0800a23c                AHBPrescTable
 .rodata.APBPrescTable
                0x0800a24c        0x8 ./Core/Src/system_stm32f4xx.o
                0x0800a24c                APBPrescTable
                0x0800a254                        . = ALIGN (0x4)

.ARM.extab      0x0800a254        0x0
                0x0800a254                        . = ALIGN (0x4)
 *(.ARM.extab* .gnu.linkonce.armextab.*)
                0x0800a254                        . = ALIGN (0x4)

.ARM            0x0800a254        0x8
                0x0800a254                        . = ALIGN (0x4)
                0x0800a254                        __exidx_start = .
 *(.ARM.exidx*)
 .ARM.exidx     0x0800a254        0x8 C:/ST/STM32CubeIDE_2.1.1/STM32CubeIDE/plugins/com.st.stm32cube.ide.mcu.externaltools.gnu-tools-for-stm32.14.3.rel1.win32_1.0.100.202602081740/tools/bin/../lib/gcc/arm-none-eabi/14.3.1/thumb/v7e-m+fp/hard\libgcc.a(_udivmoddi4.o)
                0x0800a25c                        __exidx_end = .
                0x0800a25c                        . = ALIGN (0x4)

.preinit_array  0x0800a25c        0x0
                0x0800a25c                        . = ALIGN (0x4)
                0x0800a25c                        PROVIDE (__preinit_array_start = .)
 *(.preinit_array*)
                0x0800a25c                        PROVIDE (__preinit_array_end = .)
                0x0800a25c                        . = ALIGN (0x4)

.init_array     0x0800a25c        0x4
                0x0800a25c                        . = ALIGN (0x4)
                0x0800a25c                        PROVIDE (__init_array_start = .)
 *(SORT_BY_NAME(.init_array.*))
 *(.init_array*)
 .init_array    0x0800a25c        0x4 C:/ST/STM32CubeIDE_2.1.1/STM32CubeIDE/plugins/com.st.stm32cube.ide.mcu.externaltools.gnu-tools-for-stm32.14.3.rel1.win32_1.0.100.202602081740/tools/bin/../lib/gcc/arm-none-eabi/14.3.1/thumb/v7e-m+fp/hard/crtbegin.o
                0x0800a260                        PROVIDE (__init_array_end = .)
                0x0800a260                        . = ALIGN (0x4)

.fini_array     0x0800a260        0x4
                0x0800a260                        . = ALIGN (0x4)
                [!provide]                        PROVIDE (__fini_array_start = .)
 *(SORT_BY_NAME(.fini_array.*))
 *(.fini_array*)
 .fini_array    0x0800a260        0x4 C:/ST/STM32CubeIDE_2.1.1/STM32CubeIDE/plugins/com.st.stm32cube.ide.mcu.externaltools.gnu-tools-for-stm32.14.3.rel1.win32_1.0.100.202602081740/tools/bin/../lib/gcc/arm-none-eabi/14.3.1/thumb/v7e-m+fp/hard/crtbegin.o
                [!provide]                        PROVIDE (__fini_array_end = .)
                0x0800a264                        . = ALIGN (0x4)
                0x0800a264                        _sidata = LOADADDR (.data)

.rel.dyn        0x0800a264        0x0
 .rel.iplt      0x0800a264        0x0 C:/ST/STM32CubeIDE_2.1.1/STM32CubeIDE/plugins/com.st.stm32cube.ide.mcu.externaltools.gnu-tools-for-stm32.14.3.rel1.win32_1.0.100.202602081740/tools/bin/../lib/gcc/arm-none-eabi/14.3.1/thumb/v7e-m+fp/hard/crtbegin.o

.data           0x20000000      0x100 load address 0x0800a264
                0x20000000                        . = ALIGN (0x4)
                0x20000000                        _sdata = .
 *(.data)
 *(.data*)
 .data.SystemCoreClock
                0x20000000        0x4 ./Core/Src/system_stm32f4xx.o
                0x20000000                SystemCoreClock
 .data.uwTickPrio
                0x20000004        0x4 ./Drivers/STM32F4xx_HAL_Driver/Src/stm32f4xx_hal.o
                0x20000004                uwTickPrio
 .data.uwTickFreq
                0x20000008        0x1 ./Drivers/STM32F4xx_HAL_Driver/Src/stm32f4xx_hal.o
                0x20000008                uwTickFreq
 *fill*         0x20000009        0x3 
 .data.USBD_CDC_DeviceQualifierDesc
                0x2000000c        0xa ./Middlewares/ST/STM32_USB_Device_Library/Class/CDC/Src/usbd_cdc.o
 *fill*         0x20000016        0x2 
 .data.USBD_CDC
                0x20000018       0x38 ./Middlewares/ST/STM32_USB_Device_Library/Class/CDC/Src/usbd_cdc.o
                0x20000018                USBD_CDC
 .data.USBD_CDC_CfgDesc
                0x20000050       0x43 ./Middlewares/ST/STM32_USB_Device_Library/Class/CDC/Src/usbd_cdc.o
 .data.CDCInEpAdd
                0x20000093        0x1 ./Middlewares/ST/STM32_USB_Device_Library/Class/CDC/Src/usbd_cdc.o
 .data.CDCOutEpAdd
                0x20000094        0x1 ./Middlewares/ST/STM32_USB_Device_Library/Class/CDC/Src/usbd_cdc.o
 .data.CDCCmdEpAdd
                0x20000095        0x1 ./Middlewares/ST/STM32_USB_Device_Library/Class/CDC/Src/usbd_cdc.o
 *fill*         0x20000096        0x2 
 .data.uxCriticalNesting
                0x20000098        0x4 ./Middlewares/Third_Party/FreeRTOS/Source/portable/GCC/ARM_CM4F/port.o
 .data.USBD_Interface_fops_FS
                0x2000009c       0x14 ./USB_DEVICE/App/usbd_cdc_if.o
                0x2000009c                USBD_Interface_fops_FS
 .data.FS_Desc  0x200000b0       0x1c ./USB_DEVICE/App/usbd_desc.o
                0x200000b0                FS_Desc
 .data.USBD_FS_DeviceDesc
                0x200000cc       0x12 ./USB_DEVICE/App/usbd_desc.o
                0x200000cc                USBD_FS_DeviceDesc
 *fill*         0x200000de        0x2 
 .data.USBD_LangIDDesc
                0x200000e0        0x4 ./USB_DEVICE/App/usbd_desc.o
                0x200000e0                USBD_LangIDDesc
 .data.USBD_StringSerial
                0x200000e4       0x1a ./USB_DEVICE/App/usbd_desc.o
                0x200000e4                USBD_StringSerial
 *(.RamFunc)
 *(.RamFunc*)
                0x20000100                        . = ALIGN (0x4)
 *fill*         0x200000fe        0x2 
                0x20000100                        _edata = .

.igot.plt       0x20000100        0x0 load address 0x0800a364
 .igot.plt      0x20000100        0x0 C:/ST/STM32CubeIDE_2.1.1/STM32CubeIDE/plugins/com.st.stm32cube.ide.mcu.externaltools.gnu-tools-for-stm32.14.3.rel1.win32_1.0.100.202602081740/tools/bin/../lib/gcc/arm-none-eabi/14.3.1/thumb/v7e-m+fp/hard/crtbegin.o
                0x20000100                        . = ALIGN (0x4)

.bss            0x20000100     0x65a0 load address 0x0800a364
                0x20000100                        _sbss = .
                0x20000100                        __bss_start__ = _sbss
 *(.bss)
 .bss           0x20000100       0x1c C:/ST/STM32CubeIDE_2.1.1/STM32CubeIDE/plugins/com.st.stm32cube.ide.mcu.externaltools.gnu-tools-for-stm32.14.3.rel1.win32_1.0.100.202602081740/tools/bin/../lib/gcc/arm-none-eabi/14.3.1/thumb/v7e-m+fp/hard/crtbegin.o
 *(.bss*)
 .bss.defaultTaskHandle
                0x2000011c        0x4 ./Core/Src/main.o
                0x2000011c                defaultTaskHandle
 .bss.xTareaTerminalHandle
                0x20000120        0x4 ./Core/Src/main.o
                0x20000120                xTareaTerminalHandle
 .bss.htim5     0x20000124       0x48 ./Core/Src/stm32f4xx_hal_timebase_tim.o
                0x20000124                htim5
 .bss.uwTick    0x2000016c        0x4 ./Drivers/STM32F4xx_HAL_Driver/Src/stm32f4xx_hal.o
                0x2000016c                uwTick
 .bss.cfgidx.0  0x20000170        0x1 ./Middlewares/ST/STM32_USB_Device_Library/Core/Src/usbd_ctlreq.o
 *fill*         0x20000171        0x3 
 .bss.Idle_TCB.3
                0x20000174       0x5c ./Middlewares/Third_Party/FreeRTOS/Source/CMSIS_RTOS_V2/cmsis_os2.o
 .bss.Idle_Stack.2
                0x200001d0      0x200 ./Middlewares/Third_Party/FreeRTOS/Source/CMSIS_RTOS_V2/cmsis_os2.o
 .bss.Timer_TCB.1
                0x200003d0       0x5c ./Middlewares/Third_Party/FreeRTOS/Source/CMSIS_RTOS_V2/cmsis_os2.o
 .bss.Timer_Stack.0
                0x2000042c      0x400 ./Middlewares/Third_Party/FreeRTOS/Source/CMSIS_RTOS_V2/cmsis_os2.o
 .bss.xQueueRegistry
                0x2000082c       0x40 ./Middlewares/Third_Party/FreeRTOS/Source/queue.o
                0x2000082c                xQueueRegistry
 .bss.pxCurrentTCB
                0x2000086c        0x4 ./Middlewares/Third_Party/FreeRTOS/Source/tasks.o
                0x2000086c                pxCurrentTCB
 .bss.pxReadyTasksLists
                0x20000870      0x460 ./Middlewares/Third_Party/FreeRTOS/Source/tasks.o
 .bss.xDelayedTaskList1
                0x20000cd0       0x14 ./Middlewares/Third_Party/FreeRTOS/Source/tasks.o
 .bss.xDelayedTaskList2
                0x20000ce4       0x14 ./Middlewares/Third_Party/FreeRTOS/Source/tasks.o
 .bss.pxDelayedTaskList
                0x20000cf8        0x4 ./Middlewares/Third_Party/FreeRTOS/Source/tasks.o
 .bss.pxOverflowDelayedTaskList
                0x20000cfc        0x4 ./Middlewares/Third_Party/FreeRTOS/Source/tasks.o
 .bss.xPendingReadyList
                0x20000d00       0x14 ./Middlewares/Third_Party/FreeRTOS/Source/tasks.o
 .bss.xTasksWaitingTermination
                0x20000d14       0x14 ./Middlewares/Third_Party/FreeRTOS/Source/tasks.o
 .bss.uxDeletedTasksWaitingCleanUp
                0x20000d28        0x4 ./Middlewares/Third_Party/FreeRTOS/Source/tasks.o
 .bss.xSuspendedTaskList
                0x20000d2c       0x14 ./Middlewares/Third_Party/FreeRTOS/Source/tasks.o
 .bss.uxCurrentNumberOfTasks
                0x20000d40        0x4 ./Middlewares/Third_Party/FreeRTOS/Source/tasks.o
 .bss.xTickCount
                0x20000d44        0x4 ./Middlewares/Third_Party/FreeRTOS/Source/tasks.o
 .bss.uxTopReadyPriority
                0x20000d48        0x4 ./Middlewares/Third_Party/FreeRTOS/Source/tasks.o
 .bss.xSchedulerRunning
                0x20000d4c        0x4 ./Middlewares/Third_Party/FreeRTOS/Source/tasks.o
 .bss.xPendedTicks
                0x20000d50        0x4 ./Middlewares/Third_Party/FreeRTOS/Source/tasks.o
 .bss.xYieldPending
                0x20000d54        0x4 ./Middlewares/Third_Party/FreeRTOS/Source/tasks.o
 .bss.xNumOfOverflows
                0x20000d58        0x4 ./Middlewares/Third_Party/FreeRTOS/Source/tasks.o
 .bss.uxTaskNumber
                0x20000d5c        0x4 ./Middlewares/Third_Party/FreeRTOS/Source/tasks.o
 .bss.xNextTaskUnblockTime
                0x20000d60        0x4 ./Middlewares/Third_Party/FreeRTOS/Source/tasks.o
 .bss.xIdleTaskHandle
                0x20000d64        0x4 ./Middlewares/Third_Party/FreeRTOS/Source/tasks.o
 .bss.uxSchedulerSuspended
                0x20000d68        0x4 ./Middlewares/Third_Party/FreeRTOS/Source/tasks.o
 .bss.xActiveTimerList1
                0x20000d6c       0x14 ./Middlewares/Third_Party/FreeRTOS/Source/timers.o
 .bss.xActiveTimerList2
                0x20000d80       0x14 ./Middlewares/Third_Party/FreeRTOS/Source/timers.o
 .bss.pxCurrentTimerList
                0x20000d94        0x4 ./Middlewares/Third_Party/FreeRTOS/Source/timers.o
 .bss.pxOverflowTimerList
                0x20000d98        0x4 ./Middlewares/Third_Party/FreeRTOS/Source/timers.o
 .bss.xTimerQueue
                0x20000d9c        0x4 ./Middlewares/Third_Party/FreeRTOS/Source/timers.o
 .bss.xTimerTaskHandle
                0x20000da0        0x4 ./Middlewares/Third_Party/FreeRTOS/Source/timers.o
 .bss.xLastTime.2
                0x20000da4        0x4 ./Middlewares/Third_Party/FreeRTOS/Source/timers.o
 .bss.ucStaticTimerQueueStorage.1
                0x20000da8       0xa0 ./Middlewares/Third_Party/FreeRTOS/Source/timers.o
 .bss.xStaticTimerQueue.0
                0x20000e48       0x50 ./Middlewares/Third_Party/FreeRTOS/Source/timers.o
 .bss.ucMaxSysCallPriority
                0x20000e98        0x1 ./Middlewares/Third_Party/FreeRTOS/Source/portable/GCC/ARM_CM4F/port.o
 *fill*         0x20000e99        0x3 
 .bss.ulMaxPRIGROUPValue
                0x20000e9c        0x4 ./Middlewares/Third_Party/FreeRTOS/Source/portable/GCC/ARM_CM4F/port.o
 .bss.ucHeap    0x20000ea0     0x3c00 ./Middlewares/Third_Party/FreeRTOS/Source/portable/MemMang/heap_4.o
 .bss.xStart    0x20004aa0        0x8 ./Middlewares/Third_Party/FreeRTOS/Source/portable/MemMang/heap_4.o
 .bss.pxEnd     0x20004aa8        0x4 ./Middlewares/Third_Party/FreeRTOS/Source/portable/MemMang/heap_4.o
 .bss.xFreeBytesRemaining
                0x20004aac        0x4 ./Middlewares/Third_Party/FreeRTOS/Source/portable/MemMang/heap_4.o
 .bss.xMinimumEverFreeBytesRemaining
                0x20004ab0        0x4 ./Middlewares/Third_Party/FreeRTOS/Source/portable/MemMang/heap_4.o
 .bss.xNumberOfSuccessfulAllocations
                0x20004ab4        0x4 ./Middlewares/Third_Party/FreeRTOS/Source/portable/MemMang/heap_4.o
 .bss.xNumberOfSuccessfulFrees
                0x20004ab8        0x4 ./Middlewares/Third_Party/FreeRTOS/Source/portable/MemMang/heap_4.o
 .bss.xBlockAllocatedBit
                0x20004abc        0x4 ./Middlewares/Third_Party/FreeRTOS/Source/portable/MemMang/heap_4.o
 .bss.hUsbDeviceFS
                0x20004ac0      0x2dc ./USB_DEVICE/App/usb_device.o
                0x20004ac0                hUsbDeviceFS
 .bss.UserRxBufferFS
                0x20004d9c      0x800 ./USB_DEVICE/App/usbd_cdc_if.o
                0x20004d9c                UserRxBufferFS
 .bss.UserTxBufferFS
                0x2000559c      0x800 ./USB_DEVICE/App/usbd_cdc_if.o
                0x2000559c                UserTxBufferFS
 .bss.USBD_StrDesc
                0x20005d9c      0x200 ./USB_DEVICE/App/usbd_desc.o
                0x20005d9c                USBD_StrDesc
 .bss.hpcd_USB_OTG_FS
                0x20005f9c      0x4e4 ./USB_DEVICE/Target/usbd_conf.o
                0x20005f9c                hpcd_USB_OTG_FS
 .bss.mem.0     0x20006480      0x220 ./USB_DEVICE/Target/usbd_conf.o
 *(COMMON)
                0x200066a0                        . = ALIGN (0x4)
                0x200066a0                        _ebss = .
                0x200066a0                        __bss_end__ = _ebss

._user_heap_stack
                0x200066a0      0x600 load address 0x0800a364
                0x200066a0                        . = ALIGN (0x8)
                [!provide]                        PROVIDE (end = .)
                0x200066a0                        PROVIDE (_end = .)
                0x200068a0                        . = (. + _Min_Heap_Size)
 *fill*         0x200066a0      0x200 
                0x20006ca0                        . = (. + _Min_Stack_Size)
 *fill*         0x200068a0      0x400 
                0x20006ca0                        . = ALIGN (0x8)

/DISCARD/
 libc.a(*)
 libm.a(*)
 libgcc.a(*)

.ARM.attributes
                0x00000000       0x30
 *(.ARM.attributes)
 .ARM.attributes
                0x00000000       0x22 C:/ST/STM32CubeIDE_2.1.1/STM32CubeIDE/plugins/com.st.stm32cube.ide.mcu.externaltools.gnu-tools-for-stm32.14.3.rel1.win32_1.0.100.202602081740/tools/bin/../lib/gcc/arm-none-eabi/14.3.1/thumb/v7e-m+fp/hard/crti.o
 .ARM.attributes
                0x00000022       0x34 C:/ST/STM32CubeIDE_2.1.1/STM32CubeIDE/plugins/com.st.stm32cube.ide.mcu.externaltools.gnu-tools-for-stm32.14.3.rel1.win32_1.0.100.202602081740/tools/bin/../lib/gcc/arm-none-eabi/14.3.1/thumb/v7e-m+fp/hard/crtbegin.o
 .ARM.attributes
                0x00000056       0x34 ./Core/Src/main.o
 .ARM.attributes
                0x0000008a       0x34 ./Core/Src/stm32f4xx_hal_msp.o
 .ARM.attributes
                0x000000be       0x34 ./Core/Src/stm32f4xx_hal_timebase_tim.o
 .ARM.attributes
                0x000000f2       0x34 ./Core/Src/stm32f4xx_it.o
 .ARM.attributes
                0x00000126       0x34 ./Core/Src/system_stm32f4xx.o
 .ARM.attributes
                0x0000015a       0x21 ./Core/Startup/startup_stm32f411vetx.o
 .ARM.attributes
                0x0000017b       0x34 ./Drivers/STM32F4xx_HAL_Driver/Src/stm32f4xx_hal.o
 .ARM.attributes
                0x000001af       0x34 ./Drivers/STM32F4xx_HAL_Driver/Src/stm32f4xx_hal_cortex.o
 .ARM.attributes
                0x000001e3       0x34 ./Drivers/STM32F4xx_HAL_Driver/Src/stm32f4xx_hal_gpio.o
 .ARM.attributes
                0x00000217       0x34 ./Drivers/STM32F4xx_HAL_Driver/Src/stm32f4xx_hal_pcd.o
 .ARM.attributes
                0x0000024b       0x34 ./Drivers/STM32F4xx_HAL_Driver/Src/stm32f4xx_hal_pcd_ex.o
 .ARM.attributes
                0x0000027f       0x34 ./Drivers/STM32F4xx_HAL_Driver/Src/stm32f4xx_hal_rcc.o
 .ARM.attributes
                0x000002b3       0x34 ./Drivers/STM32F4xx_HAL_Driver/Src/stm32f4xx_hal_tim.o
 .ARM.attributes
                0x000002e7       0x34 ./Drivers/STM32F4xx_HAL_Driver/Src/stm32f4xx_hal_tim_ex.o
 .ARM.attributes
                0x0000031b       0x34 ./Drivers/STM32F4xx_HAL_Driver/Src/stm32f4xx_ll_usb.o
 .ARM.attributes
                0x0000034f       0x34 ./Middlewares/ST/STM32_USB_Device_Library/Class/CDC/Src/usbd_cdc.o
 .ARM.attributes
                0x00000383       0x34 ./Middlewares/ST/STM32_USB_Device_Library/Core/Src/usbd_core.o
 .ARM.attributes
                0x000003b7       0x34 ./Middlewares/ST/STM32_USB_Device_Library/Core/Src/usbd_ctlreq.o
 .ARM.attributes
                0x000003eb       0x34 ./Middlewares/ST/STM32_USB_Device_Library/Core/Src/usbd_ioreq.o
 .ARM.attributes
                0x0000041f       0x34 ./Middlewares/Third_Party/FreeRTOS/Source/CMSIS_RTOS_V2/cmsis_os2.o
 .ARM.attributes
                0x00000453       0x34 ./Middlewares/Third_Party/FreeRTOS/Source/list.o
 .ARM.attributes
                0x00000487       0x34 ./Middlewares/Third_Party/FreeRTOS/Source/queue.o
 .ARM.attributes
                0x000004bb       0x34 ./Middlewares/Third_Party/FreeRTOS/Source/tasks.o
 .ARM.attributes
                0x000004ef       0x34 ./Middlewares/Third_Party/FreeRTOS/Source/timers.o
 .ARM.attributes
                0x00000523       0x34 ./Middlewares/Third_Party/FreeRTOS/Source/portable/GCC/ARM_CM4F/port.o
 .ARM.attributes
                0x00000557       0x34 ./Middlewares/Third_Party/FreeRTOS/Source/portable/MemMang/heap_4.o
 .ARM.attributes
                0x0000058b       0x34 ./USB_DEVICE/App/usb_device.o
 .ARM.attributes
                0x000005bf       0x34 ./USB_DEVICE/App/usbd_cdc_if.o
 .ARM.attributes
                0x000005f3       0x34 ./USB_DEVICE/App/usbd_desc.o
 .ARM.attributes
                0x00000627       0x34 ./USB_DEVICE/Target/usbd_conf.o
 .ARM.attributes
                0x0000065b       0x34 C:/ST/STM32CubeIDE_2.1.1/STM32CubeIDE/plugins/com.st.stm32cube.ide.mcu.externaltools.gnu-tools-for-stm32.14.3.rel1.win32_1.0.100.202602081740/tools/bin/../lib/gcc/arm-none-eabi/14.3.1/../../../../arm-none-eabi/lib/thumb/v7e-m+fp/hard\libc_nano.a(libc_a-memset.o)
 .ARM.attributes
                0x0000068f       0x34 C:/ST/STM32CubeIDE_2.1.1/STM32CubeIDE/plugins/com.st.stm32cube.ide.mcu.externaltools.gnu-tools-for-stm32.14.3.rel1.win32_1.0.100.202602081740/tools/bin/../lib/gcc/arm-none-eabi/14.3.1/../../../../arm-none-eabi/lib/thumb/v7e-m+fp/hard\libc_nano.a(libc_a-init.o)
 .ARM.attributes
                0x000006c3       0x34 C:/ST/STM32CubeIDE_2.1.1/STM32CubeIDE/plugins/com.st.stm32cube.ide.mcu.externaltools.gnu-tools-for-stm32.14.3.rel1.win32_1.0.100.202602081740/tools/bin/../lib/gcc/arm-none-eabi/14.3.1/../../../../arm-none-eabi/lib/thumb/v7e-m+fp/hard\libc_nano.a(libc_a-memcpy-stub.o)
 .ARM.attributes
                0x000006f7       0x22 C:/ST/STM32CubeIDE_2.1.1/STM32CubeIDE/plugins/com.st.stm32cube.ide.mcu.externaltools.gnu-tools-for-stm32.14.3.rel1.win32_1.0.100.202602081740/tools/bin/../lib/gcc/arm-none-eabi/14.3.1/thumb/v7e-m+fp/hard\libgcc.a(_aeabi_uldivmod.o)
 .ARM.attributes
                0x00000719       0x34 C:/ST/STM32CubeIDE_2.1.1/STM32CubeIDE/plugins/com.st.stm32cube.ide.mcu.externaltools.gnu-tools-for-stm32.14.3.rel1.win32_1.0.100.202602081740/tools/bin/../lib/gcc/arm-none-eabi/14.3.1/thumb/v7e-m+fp/hard\libgcc.a(_udivmoddi4.o)
 .ARM.attributes
                0x0000074d       0x22 C:/ST/STM32CubeIDE_2.1.1/STM32CubeIDE/plugins/com.st.stm32cube.ide.mcu.externaltools.gnu-tools-for-stm32.14.3.rel1.win32_1.0.100.202602081740/tools/bin/../lib/gcc/arm-none-eabi/14.3.1/thumb/v7e-m+fp/hard\libgcc.a(_dvmd_tls.o)
 .ARM.attributes
                0x0000076f       0x22 C:/ST/STM32CubeIDE_2.1.1/STM32CubeIDE/plugins/com.st.stm32cube.ide.mcu.externaltools.gnu-tools-for-stm32.14.3.rel1.win32_1.0.100.202602081740/tools/bin/../lib/gcc/arm-none-eabi/14.3.1/thumb/v7e-m+fp/hard/crtn.o
OUTPUT(Guia2.elf elf32-littlearm)
LOAD linker stubs
LOAD C:/ST/STM32CubeIDE_2.1.1/STM32CubeIDE/plugins/com.st.stm32cube.ide.mcu.externaltools.gnu-tools-for-stm32.14.3.rel1.win32_1.0.100.202602081740/tools/bin/../lib/gcc/arm-none-eabi/14.3.1/../../../../arm-none-eabi/lib/thumb/v7e-m+fp/hard\libc.a
LOAD C:/ST/STM32CubeIDE_2.1.1/STM32CubeIDE/plugins/com.st.stm32cube.ide.mcu.externaltools.gnu-tools-for-stm32.14.3.rel1.win32_1.0.100.202602081740/tools/bin/../lib/gcc/arm-none-eabi/14.3.1/../../../../arm-none-eabi/lib/thumb/v7e-m+fp/hard\libm.a
LOAD C:/ST/STM32CubeIDE_2.1.1/STM32CubeIDE/plugins/com.st.stm32cube.ide.mcu.externaltools.gnu-tools-for-stm32.14.3.rel1.win32_1.0.100.202602081740/tools/bin/../lib/gcc/arm-none-eabi/14.3.1/thumb/v7e-m+fp/hard\libgcc.a

.debug_info     0x00000000    0x1ca23
 .debug_info    0x00000000     0x130e ./Core/Src/main.o
 .debug_info    0x0000130e      0x44f ./Core/Src/stm32f4xx_hal_msp.o
 .debug_info    0x0000175d      0xb83 ./Core/Src/stm32f4xx_hal_timebase_tim.o
 .debug_info    0x000022e0      0xba6 ./Core/Src/stm32f4xx_it.o
 .debug_info    0x00002e86      0x53e ./Core/Src/system_stm32f4xx.o
 .debug_info    0x000033c4       0x30 ./Core/Startup/startup_stm32f411vetx.o
 .debug_info    0x000033f4      0x8c4 ./Drivers/STM32F4xx_HAL_Driver/Src/stm32f4xx_hal.o
 .debug_info    0x00003cb8      0xcfc ./Drivers/STM32F4xx_HAL_Driver/Src/stm32f4xx_hal_cortex.o
 .debug_info    0x000049b4      0x6f9 ./Drivers/STM32F4xx_HAL_Driver/Src/stm32f4xx_hal_gpio.o
 .debug_info    0x000050ad     0x1577 ./Drivers/STM32F4xx_HAL_Driver/Src/stm32f4xx_hal_pcd.o
 .debug_info    0x00006624      0x6ea ./Drivers/STM32F4xx_HAL_Driver/Src/stm32f4xx_hal_pcd_ex.o
 .debug_info    0x00006d0e      0x904 ./Drivers/STM32F4xx_HAL_Driver/Src/stm32f4xx_hal_rcc.o
 .debug_info    0x00007612     0x2996 ./Drivers/STM32F4xx_HAL_Driver/Src/stm32f4xx_hal_tim.o
 .debug_info    0x00009fa8     0x14d4 ./Drivers/STM32F4xx_HAL_Driver/Src/stm32f4xx_hal_tim_ex.o
 .debug_info    0x0000b47c     0x1993 ./Drivers/STM32F4xx_HAL_Driver/Src/stm32f4xx_ll_usb.o
 .debug_info    0x0000ce0f     0x12a5 ./Middlewares/ST/STM32_USB_Device_Library/Class/CDC/Src/usbd_cdc.o
 .debug_info    0x0000e0b4      0xe12 ./Middlewares/ST/STM32_USB_Device_Library/Core/Src/usbd_core.o
 .debug_info    0x0000eec6      0xaeb ./Middlewares/ST/STM32_USB_Device_Library/Core/Src/usbd_ctlreq.o
 .debug_info    0x0000f9b1      0x762 ./Middlewares/ST/STM32_USB_Device_Library/Core/Src/usbd_ioreq.o
 .debug_info    0x00010113     0x39dd ./Middlewares/Third_Party/FreeRTOS/Source/CMSIS_RTOS_V2/cmsis_os2.o
 .debug_info    0x00013af0      0x2af ./Middlewares/Third_Party/FreeRTOS/Source/list.o
 .debug_info    0x00013d9f     0x1b79 ./Middlewares/Third_Party/FreeRTOS/Source/queue.o
 .debug_info    0x00015918     0x21ec ./Middlewares/Third_Party/FreeRTOS/Source/tasks.o
 .debug_info    0x00017b04     0x1488 ./Middlewares/Third_Party/FreeRTOS/Source/timers.o
 .debug_info    0x00018f8c      0x4de ./Middlewares/Third_Party/FreeRTOS/Source/portable/GCC/ARM_CM4F/port.o
 .debug_info    0x0001946a      0x4d5 ./Middlewares/Third_Party/FreeRTOS/Source/portable/MemMang/heap_4.o
 .debug_info    0x0001993f      0x70e ./USB_DEVICE/App/usb_device.o
 .debug_info    0x0001a04d      0x96b ./USB_DEVICE/App/usbd_cdc_if.o
 .debug_info    0x0001a9b8      0x458 ./USB_DEVICE/App/usbd_desc.o
 .debug_info    0x0001ae10     0x1c13 ./USB_DEVICE/Target/usbd_conf.o

.debug_abbrev   0x00000000     0x4757
 .debug_abbrev  0x00000000      0x2cd ./Core/Src/main.o
 .debug_abbrev  0x000002cd      0x119 ./Core/Src/stm32f4xx_hal_msp.o
 .debug_abbrev  0x000003e6      0x207 ./Core/Src/stm32f4xx_hal_timebase_tim.o
 .debug_abbrev  0x000005ed      0x1eb ./Core/Src/stm32f4xx_it.o
 .debug_abbrev  0x000007d8      0x11a ./Core/Src/system_stm32f4xx.o
 .debug_abbrev  0x000008f2       0x24 ./Core/Startup/startup_stm32f411vetx.o
 .debug_abbrev  0x00000916      0x24b ./Drivers/STM32F4xx_HAL_Driver/Src/stm32f4xx_hal.o
 .debug_abbrev  0x00000b61      0x31d ./Drivers/STM32F4xx_HAL_Driver/Src/stm32f4xx_hal_cortex.o
 .debug_abbrev  0x00000e7e      0x1d3 ./Drivers/STM32F4xx_HAL_Driver/Src/stm32f4xx_hal_gpio.o
 .debug_abbrev  0x00001051      0x2b6 ./Drivers/STM32F4xx_HAL_Driver/Src/stm32f4xx_hal_pcd.o
 .debug_abbrev  0x00001307      0x1da ./Drivers/STM32F4xx_HAL_Driver/Src/stm32f4xx_hal_pcd_ex.o
 .debug_abbrev  0x000014e1      0x2b6 ./Drivers/STM32F4xx_HAL_Driver/Src/stm32f4xx_hal_rcc.o
 .debug_abbrev  0x00001797      0x28b ./Drivers/STM32F4xx_HAL_Driver/Src/stm32f4xx_hal_tim.o
 .debug_abbrev  0x00001a22      0x296 ./Drivers/STM32F4xx_HAL_Driver/Src/stm32f4xx_hal_tim_ex.o
 .debug_abbrev  0x00001cb8      0x2b3 ./Drivers/STM32F4xx_HAL_Driver/Src/stm32f4xx_ll_usb.o
 .debug_abbrev  0x00001f6b      0x2d2 ./Middlewares/ST/STM32_USB_Device_Library/Class/CDC/Src/usbd_cdc.o
 .debug_abbrev  0x0000223d      0x27c ./Middlewares/ST/STM32_USB_Device_Library/Core/Src/usbd_core.o
 .debug_abbrev  0x000024b9      0x26f ./Middlewares/ST/STM32_USB_Device_Library/Core/Src/usbd_ctlreq.o
 .debug_abbrev  0x00002728      0x19a ./Middlewares/ST/STM32_USB_Device_Library/Core/Src/usbd_ioreq.o
 .debug_abbrev  0x000028c2      0x520 ./Middlewares/Third_Party/FreeRTOS/Source/CMSIS_RTOS_V2/cmsis_os2.o
 .debug_abbrev  0x00002de2       0xf5 ./Middlewares/Third_Party/FreeRTOS/Source/list.o
 .debug_abbrev  0x00002ed7      0x3b6 ./Middlewares/Third_Party/FreeRTOS/Source/queue.o
 .debug_abbrev  0x0000328d      0x386 ./Middlewares/Third_Party/FreeRTOS/Source/tasks.o
 .debug_abbrev  0x00003613      0x352 ./Middlewares/Third_Party/FreeRTOS/Source/timers.o
 .debug_abbrev  0x00003965      0x25c ./Middlewares/Third_Party/FreeRTOS/Source/portable/GCC/ARM_CM4F/port.o
 .debug_abbrev  0x00003bc1      0x21d ./Middlewares/Third_Party/FreeRTOS/Source/portable/MemMang/heap_4.o
 .debug_abbrev  0x00003dde      0x195 ./USB_DEVICE/App/usb_device.o
 .debug_abbrev  0x00003f73      0x2c4 ./USB_DEVICE/App/usbd_cdc_if.o
 .debug_abbrev  0x00004237      0x1e1 ./USB_DEVICE/App/usbd_desc.o
 .debug_abbrev  0x00004418      0x33f ./USB_DEVICE/Target/usbd_conf.o

.debug_aranges  0x00000000     0x18e8
 .debug_aranges
                0x00000000       0x58 ./Core/Src/main.o
 .debug_aranges
                0x00000058       0x20 ./Core/Src/stm32f4xx_hal_msp.o
 .debug_aranges
                0x00000078       0x30 ./Core/Src/stm32f4xx_hal_timebase_tim.o
 .debug_aranges
                0x000000a8       0x60 ./Core/Src/stm32f4xx_it.o
 .debug_aranges
                0x00000108       0x28 ./Core/Src/system_stm32f4xx.o
 .debug_aranges
                0x00000130       0x28 ./Core/Startup/startup_stm32f411vetx.o
 .debug_aranges
                0x00000158       0xf0 ./Drivers/STM32F4xx_HAL_Driver/Src/stm32f4xx_hal.o
 .debug_aranges
                0x00000248      0x130 ./Drivers/STM32F4xx_HAL_Driver/Src/stm32f4xx_hal_cortex.o
 .debug_aranges
                0x00000378       0x58 ./Drivers/STM32F4xx_HAL_Driver/Src/stm32f4xx_hal_gpio.o
 .debug_aranges
                0x000003d0      0x148 ./Drivers/STM32F4xx_HAL_Driver/Src/stm32f4xx_hal_pcd.o
 .debug_aranges
                0x00000518       0x38 ./Drivers/STM32F4xx_HAL_Driver/Src/stm32f4xx_hal_pcd_ex.o
 .debug_aranges
                0x00000550       0x88 ./Drivers/STM32F4xx_HAL_Driver/Src/stm32f4xx_hal_rcc.o
 .debug_aranges
                0x000005d8      0x3d0 ./Drivers/STM32F4xx_HAL_Driver/Src/stm32f4xx_hal_tim.o
 .debug_aranges
                0x000009a8      0x168 ./Drivers/STM32F4xx_HAL_Driver/Src/stm32f4xx_hal_tim_ex.o
 .debug_aranges
                0x00000b10      0x1a0 ./Drivers/STM32F4xx_HAL_Driver/Src/stm32f4xx_ll_usb.o
 .debug_aranges
                0x00000cb0       0x90 ./Middlewares/ST/STM32_USB_Device_Library/Class/CDC/Src/usbd_cdc.o
 .debug_aranges
                0x00000d40       0xd8 ./Middlewares/ST/STM32_USB_Device_Library/Core/Src/usbd_core.o
 .debug_aranges
                0x00000e18       0x90 ./Middlewares/ST/STM32_USB_Device_Library/Core/Src/usbd_ctlreq.o
 .debug_aranges
                0x00000ea8       0x50 ./Middlewares/ST/STM32_USB_Device_Library/Core/Src/usbd_ioreq.o
 .debug_aranges
                0x00000ef8      0x2b0 ./Middlewares/Third_Party/FreeRTOS/Source/CMSIS_RTOS_V2/cmsis_os2.o
 .debug_aranges
                0x000011a8       0x40 ./Middlewares/Third_Party/FreeRTOS/Source/list.o
 .debug_aranges
                0x000011e8      0x158 ./Middlewares/Third_Party/FreeRTOS/Source/queue.o
 .debug_aranges
                0x00001340      0x208 ./Middlewares/Third_Party/FreeRTOS/Source/tasks.o
 .debug_aranges
                0x00001548       0xf0 ./Middlewares/Third_Party/FreeRTOS/Source/timers.o
 .debug_aranges
                0x00001638       0x80 ./Middlewares/Third_Party/FreeRTOS/Source/portable/GCC/ARM_CM4F/port.o
 .debug_aranges
                0x000016b8       0x58 ./Middlewares/Third_Party/FreeRTOS/Source/portable/MemMang/heap_4.o
 .debug_aranges
                0x00001710       0x20 ./USB_DEVICE/App/usb_device.o
 .debug_aranges
                0x00001730       0x48 ./USB_DEVICE/App/usbd_cdc_if.o
 .debug_aranges
                0x00001778       0x60 ./USB_DEVICE/App/usbd_desc.o
 .debug_aranges
                0x000017d8      0x110 ./USB_DEVICE/Target/usbd_conf.o

.debug_rnglists
                0x00000000     0x1302
 .debug_rnglists
                0x00000000       0x3f ./Core/Src/main.o
 .debug_rnglists
                0x0000003f       0x13 ./Core/Src/stm32f4xx_hal_msp.o
 .debug_rnglists
                0x00000052       0x20 ./Core/Src/stm32f4xx_hal_timebase_tim.o
 .debug_rnglists
                0x00000072       0x43 ./Core/Src/stm32f4xx_it.o
 .debug_rnglists
                0x000000b5       0x1a ./Core/Src/system_stm32f4xx.o
 .debug_rnglists
                0x000000cf       0x19 ./Core/Startup/startup_stm32f411vetx.o
 .debug_rnglists
                0x000000e8       0xaf ./Drivers/STM32F4xx_HAL_Driver/Src/stm32f4xx_hal.o
 .debug_rnglists
                0x00000197       0xe0 ./Drivers/STM32F4xx_HAL_Driver/Src/stm32f4xx_hal_cortex.o
 .debug_rnglists
                0x00000277       0x3f ./Drivers/STM32F4xx_HAL_Driver/Src/stm32f4xx_hal_gpio.o
 .debug_rnglists
                0x000002b6       0xfa ./Drivers/STM32F4xx_HAL_Driver/Src/stm32f4xx_hal_pcd.o
 .debug_rnglists
                0x000003b0       0x26 ./Drivers/STM32F4xx_HAL_Driver/Src/stm32f4xx_hal_pcd_ex.o
 .debug_rnglists
                0x000003d6       0x66 ./Drivers/STM32F4xx_HAL_Driver/Src/stm32f4xx_hal_rcc.o
 .debug_rnglists
                0x0000043c      0x31a ./Drivers/STM32F4xx_HAL_Driver/Src/stm32f4xx_hal_tim.o
 .debug_rnglists
                0x00000756      0x125 ./Drivers/STM32F4xx_HAL_Driver/Src/stm32f4xx_hal_tim_ex.o
 .debug_rnglists
                0x0000087b      0x147 ./Drivers/STM32F4xx_HAL_Driver/Src/stm32f4xx_ll_usb.o
 .debug_rnglists
                0x000009c2       0x6c ./Middlewares/ST/STM32_USB_Device_Library/Class/CDC/Src/usbd_cdc.o
 .debug_rnglists
                0x00000a2e       0xa1 ./Middlewares/ST/STM32_USB_Device_Library/Core/Src/usbd_core.o
 .debug_rnglists
                0x00000acf       0x6e ./Middlewares/ST/STM32_USB_Device_Library/Core/Src/usbd_ctlreq.o
 .debug_rnglists
                0x00000b3d       0x37 ./Middlewares/ST/STM32_USB_Device_Library/Core/Src/usbd_ioreq.o
 .debug_rnglists
                0x00000b74      0x212 ./Middlewares/Third_Party/FreeRTOS/Source/CMSIS_RTOS_V2/cmsis_os2.o
 .debug_rnglists
                0x00000d86       0x2b ./Middlewares/Third_Party/FreeRTOS/Source/list.o
 .debug_rnglists
                0x00000db1      0x109 ./Middlewares/Third_Party/FreeRTOS/Source/queue.o
 .debug_rnglists
                0x00000eba      0x1a0 ./Middlewares/Third_Party/FreeRTOS/Source/tasks.o
 .debug_rnglists
                0x0000105a       0xb8 ./Middlewares/Third_Party/FreeRTOS/Source/timers.o
 .debug_rnglists
                0x00001112       0x5d ./Middlewares/Third_Party/FreeRTOS/Source/portable/GCC/ARM_CM4F/port.o
 .debug_rnglists
                0x0000116f       0x42 ./Middlewares/Third_Party/FreeRTOS/Source/portable/MemMang/heap_4.o
 .debug_rnglists
                0x000011b1       0x13 ./USB_DEVICE/App/usb_device.o
 .debug_rnglists
                0x000011c4       0x32 ./USB_DEVICE/App/usbd_cdc_if.o
 .debug_rnglists
                0x000011f6       0x43 ./USB_DEVICE/App/usbd_desc.o
 .debug_rnglists
                0x00001239       0xc9 ./USB_DEVICE/Target/usbd_conf.o

.debug_macro    0x00000000     0x6407
 .debug_macro   0x00000000      0x457 ./Core/Src/main.o
 .debug_macro   0x00000457      0x169 ./Core/Src/main.o
 .debug_macro   0x000005c0       0x66 ./Core/Src/main.o
 .debug_macro   0x00000626       0x74 ./Core/Src/main.o
 .debug_macro   0x0000069a       0xdd ./Core/Src/main.o
 .debug_macro   0x00000777       0x61 ./Core/Src/main.o
 .debug_macro   0x000007d8       0x2a ./Core/Src/main.o
 .debug_macro   0x00000802       0x43 ./Core/Src/main.o
 .debug_macro   0x00000845       0x34 ./Core/Src/main.o
 .debug_macro   0x00000879       0x16 ./Core/Src/main.o
 .debug_macro   0x0000088f       0x3c ./Core/Src/main.o
 .debug_macro   0x000008cb      0x364 ./Core/Src/main.o